Microchip MPLAB XC8 Compiler V3.10

Linker command line:

-W-3 \
  --edf=C:\Program Files\Microchip\xc8\v3.10\pic\dat\20250813170317_en.msgs \
  -pivt0x8=08h -cn -h+dist/default/debug\Test.X.debug.sym \
  --cmf=dist/default/debug\Test.X.debug.cmf -z -Q18F27K42 \
  -oC:\Users\ppeixoto\AppData\Local\Temp\xcAslg4.0\driver_tmp_3.o \
  --defsym=__MPLAB_BUILD=1 --fixupoverflow=error \
  -Mdist/default/debug/Test.X.debug.map \
  --md=C:\Users\ppeixoto\AppData\Local\Temp\xcAslg4.0\driver_tmp_0.dat -E1 \
  -ver=XC8 Compiler -ACODE=00h-01FFFFh -ACONST=00h-01FFFFh \
  -ASMALLCONST=02000h-020FFhx224,012000h-0120FFhx224 \
  -AMEDIUMCONST=02000h-0FFFFh,012000h-01FFFFh -ACOMRAM=01h-05Fh \
  -AABS1=00h-01FFFh -ABIGRAM=01h-01FFFh -ARAM=060h-0FFh,0100h-01FFhx31 \
  -ABANK0=060h-0FFh -ABANK1=0100h-01FFh -ABANK2=0200h-02FFh \
  -ABANK3=0300h-03FFh -ABANK4=0400h-04FFh -ABANK5=0500h-05FFh \
  -ABANK6=0600h-06FFh -ABANK7=0700h-07FFh -ABANK8=0800h-08FFh \
  -ABANK9=0900h-09FFh -ABANK10=0A00h-0AFFh -ABANK11=0B00h-0BFFh \
  -ABANK12=0C00h-0CFFh -ABANK13=0D00h-0DFFh -ABANK14=0E00h-0EFFh \
  -ABANK15=0F00h-0FFFh -ABANK16=01000h-010FFh -ABANK17=01100h-011FFh \
  -ABANK18=01200h-012FFh -ABANK19=01300h-013FFh -ABANK20=01400h-014FFh \
  -ABANK21=01500h-015FFh -ABANK22=01600h-016FFh -ABANK23=01700h-017FFh \
  -ABANK24=01800h-018FFh -ABANK25=01900h-019FFh -ABANK26=01A00h-01AFFh \
  -ABANK27=01B00h-01BFFh -ABANK28=01C00h-01CFFh -ABANK29=01D00h-01DFFh \
  -ABANK30=01E00h-01EFFh -ABANK31=01F00h-01FFFh \
  -ASFR=03800h-038FFhx7,03F00h-03F5Fh,03F60h-03FFFh -ABIGSFR=03800h-03FFFh \
  -ACONFIG=0300000h-0300009h -AIDLOC=0200000h-020000Fh \
  -AEEDATA=0310000h-03103FFh -peeprom_data=EEDATA -preset_vec=00h \
  -ppowerup=CODE,init -pramtop=02000h -psmallconst=SMALLCONST \
  -pmediumconst=MEDIUMCONST -pconst=CONST -AFARRAM=00h-00h \
  -prdata=COMRAM,nvrram=COMRAM,nvbit=COMRAM,rbss=COMRAM,rbit=COMRAM \
  -pfarbss=FARRAM,fardata=FARRAM,nvFARRAM=FARRAM \
  -pintsave_regs=BIGRAM,bigbss=BIGRAM,bigdata=BIGRAM -pbss=RAM \
  -pidata=CODE,irdata=CODE,ibigdata=CODE,ifardata=CODE -prparam=COMRAM \
  C:\Users\ppeixoto\AppData\Local\Temp\xcAslg4.0\driver_tmp_14.o \
  dist/default/debug\Test.X.debug.o 

Object code version is 3.11

Machine type is 18F27K42



                Name                               Link     Load   Length Selector   Space Scale
C:\Users\ppeixoto\AppData\Local\Temp\xcAslg4.0\driver_tmp_14.o
                config                           300000   300000        A        0       4
                init                                 1A       1A        4        4       0
                reset_vec                             0        0        4        0       0
dist/default/debug\Test.X.debug.o
                config                           300000   300000        A        0       4
                mediumconst                        FEDC     FEDC      124     7F6E       0
                ivt0x8                                8        8       12        4       0
                text103                           11FEE    11FEE       16     8000       0
                text102                           120D6    120D6        A     8000       0
                text101                           11B54    11B54       34     8000       0
                text100                           1044A    1044A      38E     8000       0
                text99                            10000    10000      44A     8000       0
                text98                            10EFE    10EFE      106     8000       0
                text97                            109E8    109E8      1B4     8000       0
                text96                            10DF0    10DF0      10E     8000       0
                text95                            11B1E    11B1E       36     8000       0
                text94                            1211E    1211E        6     8000       0
                text93                            120E0    120E0        8     8000       0
                text92                            120CC    120CC        A     8000       0
                text91                            12118    12118        6     8000       0
                text90                            12016    12016       12     8000       0
                text89                            11FD8    11FD8       16     8000       0
                text88                            119D0    119D0       3E     8000       0
                text87                            11FC2    11FC2       16     8000       0
                text86                            11FAC    11FAC       16     8000       0
                text85                            11F96    11F96       16     8000       0
                text84                            11F80    11F80       16     8000       0
                text83                            11F6A    11F6A       16     8000       0
                text82                            12112    12112        6     8000       0
                text81                            120C2    120C2        A     8000       0
                text80                            120B8    120B8        A     8000       0
                text79                            1210C    1210C        6     8000       0
                text78                            11CAE    11CAE       26     8000       0
                text77                            1135E    1135E       C2     8000       0
                text76                            11C3A    11C3A       28     8000       0
                text75                            120AE    120AE        A     8000       0
                text74                            12106    12106        6     8000       0
                text73                            11C10    11C10       2A     8000       0
                text72                            116C6    116C6       92     8000       0
                text71                            12100    12100        6     8000       0
                text70                            11EB2    11EB2       1A     8000       0
                text69                            11E98    11E98       1A     8000       0
                text68                            11EE4    11EE4       18     8000       0
                text67                            11DCA    11DCA       22     8000       0
                text66                            12136    12136        2     8000       0
                text65                            120FA    120FA        6     8000       0
                text64                            11AE8    11AE8       36     8000       0
                text63                            11F54    11F54       16     8000       0
                text62                            12134    12134        2     8000       0
                text61                            120F4    120F4        6     8000       0
                text60                            11AB2    11AB2       36     8000       0
                text59                            10B9C    10B9C      138     8000       0
                text58                            1207C    1207C        E     8000       0
                text57                            1206E    1206E        E     8000       0
                text56                            12060    12060        E     8000       0
                text55                            12052    12052        E     8000       0
                text54                            12130    12130        4     8000       0
                text53                            11F3E    11F3E       16     8000       0
                text52                            120A2    120A2        C     8000       0
                text51                            1162A    1162A       9C     8000       0
                text50                            11E7C    11E7C       1C     8000       0
                text49                            11E60    11E60       1C     8000       0
                text48                            11E44    11E44       1C     8000       0
                text47                            11E28    11E28       1C     8000       0
                text46                            11DA8    11DA8       22     8000       0
                text45                            11ECC    11ECC       18     8000       0
                text44                            11004    11004       E2     8000       0
                text43                            11C88    11C88       26     8000       0
                text42                            11DEC    11DEC       20     8000       0
                text41                            1212C    1212C        4     8000       0
                text40                            11D86    11D86       22     8000       0
                text39                            1129C    1129C       C2     8000       0
                text38                            11420    11420       B0     8000       0
                text37                            11A7C    11A7C       36     8000       0
                text36                            11BB6    11BB6       2E     8000       0
                text35                            11D64    11D64       22     8000       0
                text34                            114D0    114D0       AE     8000       0
                text33                            107D8    107D8      210     8000       0
                text32                            11984    11984       4C     8000       0
                text31                            11E0C    11E0C       1C     8000       0
                text30                            10CD4    10CD4      11C     8000       0
                text29                            120EE    120EE        6     8000       0
                text28                            118E2    118E2       56     8000       0
                text27                            1188A    1188A       58     8000       0
                text26                            111C4    111C4       D8     8000       0
                text25                            12128    12128        4     8000       0
                text24                            12096    12096        C     8000       0
                text23                            120E8    120E8        6     8000       0
                text22                            12124    12124        4     8000       0
                text21                            11A0E    11A0E       38     8000       0
                text20                            110E6    110E6       DE     8000       0
                text19                            117CA    117CA       64     8000       0
                text18                            12004    12004       12     8000       0
                text17                            1208A    1208A        C     8000       0
                text16                            11F28    11F28       16     8000       0
                text15                            1182E    1182E       5C     8000       0
                text14                            12044    12044        E     8000       0
                text13                            12036    12036        E     8000       0
                text12                            12028    12028        E     8000       0
                text11                            11938    11938       4C     8000       0
                text10                            1157E    1157E       AC     8000       0
                text9                             11F12    11F12       16     8000       0
                text8                             11BE4    11BE4       2C     8000       0
                text7                             11D40    11D40       24     8000       0
                text6                             11C62    11C62       26     8000       0
                text5                             11D1C    11D1C       24     8000       0
                text4                             11CF8    11CF8       24     8000       0
                text3                             11CD4    11CD4       24     8000       0
                text2                             11758    11758       72     8000       0
                text1                             11B88    11B88       2E     8000       0
                text0                             11EFC    11EFC       16     8000       0
                cstackCOMRAM                          1        1       53        1       1
                cstackBANK0                          60       60       47       60       1
                bssBANK1                            100      100       20      100       1
                bssBANK0                             A7       A7       46       60       1
                bssCOMRAM                            54       54        8        1       1
                cinit                             11A46    11A46       36     8000       0
                nvBANK0                              ED       ED        9       60       1

TOTAL           Name                               Link     Load   Length     Space
        CLASS   CODE           
                init                                 1A       1A        4         0
                reset_vec                             0        0        4         0
                ivt0x8                                8        8       12         0
                text103                           11FEE    11FEE       16         0
                text102                           120D6    120D6        A         0
                text101                           11B54    11B54       34         0
                text100                           1044A    1044A      38E         0
                text99                            10000    10000      44A         0
                text98                            10EFE    10EFE      106         0
                text97                            109E8    109E8      1B4         0
                text96                            10DF0    10DF0      10E         0
                text95                            11B1E    11B1E       36         0
                text94                            1211E    1211E        6         0
                text93                            120E0    120E0        8         0
                text92                            120CC    120CC        A         0
                text91                            12118    12118        6         0
                text90                            12016    12016       12         0
                text89                            11FD8    11FD8       16         0
                text88                            119D0    119D0       3E         0
                text87                            11FC2    11FC2       16         0
                text86                            11FAC    11FAC       16         0
                text85                            11F96    11F96       16         0
                text84                            11F80    11F80       16         0
                text83                            11F6A    11F6A       16         0
                text82                            12112    12112        6         0
                text81                            120C2    120C2        A         0
                text80                            120B8    120B8        A         0
                text79                            1210C    1210C        6         0
                text78                            11CAE    11CAE       26         0
                text77                            1135E    1135E       C2         0
                text76                            11C3A    11C3A       28         0
                text75                            120AE    120AE        A         0
                text74                            12106    12106        6         0
                text73                            11C10    11C10       2A         0
                text72                            116C6    116C6       92         0
                text71                            12100    12100        6         0
                text70                            11EB2    11EB2       1A         0
                text69                            11E98    11E98       1A         0
                text68                            11EE4    11EE4       18         0
                text67                            11DCA    11DCA       22         0
                text66                            12136    12136        2         0
                text65                            120FA    120FA        6         0
                text64                            11AE8    11AE8       36         0
                text63                            11F54    11F54       16         0
                text62                            12134    12134        2         0
                text61                            120F4    120F4        6         0
                text60                            11AB2    11AB2       36         0
                text59                            10B9C    10B9C      138         0
                text58                            1207C    1207C        E         0
                text57                            1206E    1206E        E         0
                text56                            12060    12060        E         0
                text55                            12052    12052        E         0
                text54                            12130    12130        4         0
                text53                            11F3E    11F3E       16         0
                text52                            120A2    120A2        C         0
                text51                            1162A    1162A       9C         0
                text50                            11E7C    11E7C       1C         0
                text49                            11E60    11E60       1C         0
                text48                            11E44    11E44       1C         0
                text47                            11E28    11E28       1C         0
                text46                            11DA8    11DA8       22         0
                text45                            11ECC    11ECC       18         0
                text44                            11004    11004       E2         0
                text43                            11C88    11C88       26         0
                text42                            11DEC    11DEC       20         0
                text41                            1212C    1212C        4         0
                text40                            11D86    11D86       22         0
                text39                            1129C    1129C       C2         0
                text38                            11420    11420       B0         0
                text37                            11A7C    11A7C       36         0
                text36                            11BB6    11BB6       2E         0
                text35                            11D64    11D64       22         0
                text34                            114D0    114D0       AE         0
                text33                            107D8    107D8      210         0
                text32                            11984    11984       4C         0
                text31                            11E0C    11E0C       1C         0
                text30                            10CD4    10CD4      11C         0
                text29                            120EE    120EE        6         0
                text28                            118E2    118E2       56         0
                text27                            1188A    1188A       58         0
                text26                            111C4    111C4       D8         0
                text25                            12128    12128        4         0
                text24                            12096    12096        C         0
                text23                            120E8    120E8        6         0
                text22                            12124    12124        4         0
                text21                            11A0E    11A0E       38         0
                text20                            110E6    110E6       DE         0
                text19                            117CA    117CA       64         0
                text18                            12004    12004       12         0
                text17                            1208A    1208A        C         0
                text16                            11F28    11F28       16         0
                text15                            1182E    1182E       5C         0
                text14                            12044    12044        E         0
                text13                            12036    12036        E         0
                text12                            12028    12028        E         0
                text11                            11938    11938       4C         0
                text10                            1157E    1157E       AC         0
                text9                             11F12    11F12       16         0
                text8                             11BE4    11BE4       2C         0
                text7                             11D40    11D40       24         0
                text6                             11C62    11C62       26         0
                text5                             11D1C    11D1C       24         0
                text4                             11CF8    11CF8       24         0
                text3                             11CD4    11CD4       24         0
                text2                             11758    11758       72         0
                text1                             11B88    11B88       2E         0
                text0                             11EFC    11EFC       16         0
                cinit                             11A46    11A46       36         0

        CLASS   CONST          

        CLASS   SMALLCONST     

        CLASS   MEDIUMCONST    
                mediumconst                        FEDC     FEDC      124         0

        CLASS   COMRAM         
                cstackCOMRAM                          1        1       53         1
                bssCOMRAM                            54       54        8         1

        CLASS   ABS1           

        CLASS   BIGRAM         

        CLASS   RAM            

        CLASS   BANK0          
                cstackBANK0                          60       60       47         1
                bssBANK0                             A7       A7       46         1
                nvBANK0                              ED       ED        9         1

        CLASS   BANK1          
                bssBANK1                            100      100       20         1

        CLASS   BANK2          

        CLASS   BANK3          

        CLASS   BANK4          

        CLASS   BANK5          

        CLASS   BANK6          

        CLASS   BANK7          

        CLASS   BANK8          

        CLASS   BANK9          

        CLASS   BANK10         

        CLASS   BANK11         

        CLASS   BANK12         

        CLASS   BANK13         

        CLASS   BANK14         

        CLASS   BANK15         

        CLASS   BANK16         

        CLASS   BANK17         

        CLASS   BANK18         

        CLASS   BANK19         

        CLASS   BANK20         

        CLASS   BANK21         

        CLASS   BANK22         

        CLASS   BANK23         

        CLASS   BANK24         

        CLASS   BANK25         

        CLASS   BANK26         

        CLASS   BANK27         

        CLASS   BANK28         

        CLASS   BANK29         

        CLASS   BANK30         

        CLASS   BANK31         

        CLASS   SFR            

        CLASS   BIGSFR         

        CLASS   CONFIG         
                config                           300000   300000        A         4

        CLASS   IDLOC          

        CLASS   EEDATA         

        CLASS   FARRAM         

        CLASS   HEAP           

        CLASS   STACK          



SEGMENTS        Name                           Load    Length   Top    Selector   Space  Class

                reset_vec                      000000  000004  000004         0       0  CODE    
                cstackCOMRAM                   000001  00005B  00005C         1       1  COMRAM  
                ivt0x8                         000008  000016  00001E         4       0  CODE    
                cstackBANK0                    000060  000096  0000F6        60       1  BANK0   
                bssBANK1                       000100  000020  000120       100       1  BANK1   
                mediumconst                    00FEDC  000124  010000      7F6E       0  MEDIUMCO
                text99                         010000  002138  012138      8000       0  CODE    


UNUSED ADDRESS RANGES

        Name                Unused          Largest block    Delta
        BANK0            0000F6-0000FF                A
        BANK1            000120-0001FF               E0
        BANK10           000A00-000AFF              100
        BANK11           000B00-000BFF              100
        BANK12           000C00-000CFF              100
        BANK13           000D00-000DFF              100
        BANK14           000E00-000EFF              100
        BANK15           000F00-000FFF              100
        BANK16           001000-0010FF              100
        BANK17           001100-0011FF              100
        BANK18           001200-0012FF              100
        BANK19           001300-0013FF              100
        BANK2            000200-0002FF              100
        BANK20           001400-0014FF              100
        BANK21           001500-0015FF              100
        BANK22           001600-0016FF              100
        BANK23           001700-0017FF              100
        BANK24           001800-0018FF              100
        BANK25           001900-0019FF              100
        BANK26           001A00-001AFF              100
        BANK27           001B00-001BFF              100
        BANK28           001C00-001CFF              100
        BANK29           001D00-001DFF              100
        BANK3            000300-0003FF              100
        BANK30           001E00-001EFF              100
        BANK31           001F00-001FFF              100
        BANK4            000400-0004FF              100
        BANK5            000500-0005FF              100
        BANK6            000600-0006FF              100
        BANK7            000700-0007FF              100
        BANK8            000800-0008FF              100
        BANK9            000900-0009FF              100
        BIGRAM           00005C-00005F                4
                         0000F6-0000FF                A
                         000120-001FFF             1EE0
        BIGSFR           003800-003FFF              800
        CODE             000004-000007                4
                         00001E-00FEDB             FEBE
                         012138-01FFFF             DEC8
        COMRAM           00005C-00005F                4
        CONST            000004-000007                4
                         00001E-00FEDB             FEBE
                         012138-01FFFF             DEC8
        EEDATA           310000-3103FF              400
        IDLOC            200000-20000F               10
        MEDIUMCONST      002000-00FEDB             DEDC
                         012138-01FFFF             DEC8
        RAM              0000F6-0000FF                A
                         000120-001FFF              100
        SFR              003800-003FFF              100
        SMALLCONST       002000-00FEDB              100
                         012138-01FFFF              100

                                  Symbol Table

?_ADC_ConversionResultGet                          cstackCOMRAM 000001
?___awdiv                                          cstackBANK0  000060
?___awmod                                          cstackBANK0  000060
?___fldiv                                          cstackCOMRAM 000028
?___flmul                                          cstackCOMRAM 00000F
?___fltol                                          cstackCOMRAM 000041
?___xxtofl                                         cstackCOMRAM 000001
?_abs                                              cstackBANK0  000066
?_printf                                           cstackBANK0  00007D
?_sprintf                                          cstackBANK0  00007D
?_vfprintf                                         cstackBANK0  000077
ADC_CompleteConversionCallback@percentage          cstackCOMRAM 00004E
ADC_CompleteConversionCallback@with                cstackCOMRAM 00004C
ADC_ConversionDoneCallbackRegister@callback        cstackBANK0  000060
Abs_LayerInit@config                               cstackBANK0  000080
Abs_Loop@buffer                                    cstackBANK0  0000A5
Abs_Loop@out_buffer                                cstackBANK0  000091
DAC1_SetOutput@inputData                           cstackCOMRAM 00004B
I2C1_AddrTransmit@addr                             cstackCOMRAM 000001
I2C1_CounterSet@counter                            cstackCOMRAM 000001
I2C1_DataTransmit@data                             cstackCOMRAM 000001
INT0_SetInterruptHandler@InterruptHandler          cstackBANK0  000060
INT1_SetInterruptHandler@InterruptHandler          cstackBANK0  000060
INT2_SetInterruptHandler@InterruptHandler          cstackBANK0  000060
INTSTAT_ADDR                                       (abs)        0000D3
IVTBASEH                                           (abs)        003FD6
IVTBASEL                                           (abs)        003FD5
IVTBASEU                                           (abs)        003FD7
Led0_SetState@state                                cstackBANK0  000060
Led1_SetState@state                                cstackBANK0  000060
Led2_SetState@state                                cstackBANK0  000060
Led3_SetState@state                                cstackBANK0  000060
PWM5_LoadDutyValue@dutyValue                       cstackCOMRAM 000001
SPI1_BufferRead@bufferData                         cstackBANK0  000060
SPI1_BufferRead@bufferInput                        cstackBANK0  000063
SPI1_BufferRead@bufferSize                         cstackBANK0  000061
SPI1_BufferWrite@bufferData                        cstackBANK0  000060
SPI1_BufferWrite@bufferInput                       cstackBANK0  000063
SPI1_BufferWrite@bufferSize                        cstackBANK0  000061
SPI1_Open@spiConfigIndex                           cstackBANK0  000060
SW1_SetInterruptHandler@InterruptHandler           cstackBANK0  000060
TMR0_PeriodMatchCallbackRegister@callbackHandler   cstackBANK0  000060
TMR0_PeriodSet@periodValue                         cstackBANK0  000068
UART1_FramingErrorCallbackRegister@callbackHandler cstackBANK0  000060
UART1_OverrunErrorCallbackRegister@callbackHandler cstackBANK0  000060
UART1_ParityErrorCallbackRegister@callbackHandler  cstackBANK0  000060
UART1_Write@txData                                 cstackBANK0  000060
UART_SendBuffer@str_ptr                            cstackBANK0  000061
Ui_Initialize@config_struct                        cstackBANK0  000061
_ADACCH                                            (abs)        003EE9
_ADACCL                                            (abs)        003EE8
_ADACCU                                            (abs)        003EEA
_ADACQH                                            (abs)        003EF4
_ADACQL                                            (abs)        003EF3
_ADACT                                             (abs)        003EFE
_ADCAP                                             (abs)        003EF5
_ADCLK                                             (abs)        003EFF
_ADCNT                                             (abs)        003EEB
_ADCON0                                            (abs)        003EF8
_ADCON0bits                                        (abs)        003EF8
_ADCON1                                            (abs)        003EF9
_ADCON1bits                                        (abs)        003EF9
_ADCON2                                            (abs)        003EFA
_ADCON2bits                                        (abs)        003EFA
_ADCON3                                            (abs)        003EFB
_ADCON3bits                                        (abs)        003EFB
_ADCP                                              (abs)        003ED7
_ADCPbits                                          (abs)        003ED7
_ADC_CompleteConversionCallback                    text96       010DF0
_ADC_ConversionDoneCallback                        bssBANK0     0000E4
_ADC_ConversionDoneCallbackRegister                text58       01207C
_ADC_ConversionResultGet                           text103      011FEE
_ADC_ConversionStart                               text29       0120EE
_ADC_ISR                                           text95       011B1E
_ADC_Initialize                                    text19       0117CA
_ADC_ThresholdCallback                             bssBANK0     0000E1
_ADC_ThresholdISR                                  text94       01211E
_ADERRH                                            (abs)        003EE3
_ADERRL                                            (abs)        003EE2
_ADFLTRH                                           (abs)        003EE7
_ADFLTRL                                           (abs)        003EE6
_ADLTHH                                            (abs)        003EDF
_ADLTHL                                            (abs)        003EDE
_ADPCH                                             (abs)        003EF1
_ADPREH                                            (abs)        003EF7
_ADPREL                                            (abs)        003EF6
_ADPREVH                                           (abs)        003EEE
_ADPREVL                                           (abs)        003EED
_ADREF                                             (abs)        003EFD
_ADRESH                                            (abs)        003EF0
_ADRESL                                            (abs)        003EEF
_ADRPT                                             (abs)        003EEC
_ADSTAT                                            (abs)        003EFC
_ADSTATbits                                        (abs)        003EFC
_ADSTPTH                                           (abs)        003EE5
_ADSTPTL                                           (abs)        003EE4
_ADUTHH                                            (abs)        003EE1
_ADUTHL                                            (abs)        003EE0
_ANSELA                                            (abs)        003A40
_ANSELB                                            (abs)        003A50
_ANSELC                                            (abs)        003A60
_Abs_LayerInit                                     text30       010CD4
_Abs_Loop                                          text20       0110E6
_CCPTMRS1bits                                      (abs)        003F5F
_CLOCK_Initialize                                  text18       012004
_DAC1CON0                                          (abs)        003E9E
_DAC1CON1                                          (abs)        003E9C
_DAC1_Initialize                                   text17       01208A
_DAC1_SetOutput                                    text102      0120D6
_ExtISR_Handler                                    text65       0120FA
_I2C1ADB1                                          (abs)        003D6E
_I2C1CLK                                           (abs)        003D7B
_I2C1CNT                                           (abs)        003D6C
_I2C1CON0                                          (abs)        003D73
_I2C1CON0bits                                      (abs)        003D73
_I2C1CON1                                          (abs)        003D74
_I2C1CON1bits                                      (abs)        003D74
_I2C1CON2                                          (abs)        003D75
_I2C1ERR                                           (abs)        003D76
_I2C1ERRbits                                       (abs)        003D76
_I2C1PIE                                           (abs)        003D7A
_I2C1PIEbits                                       (abs)        003D7A
_I2C1PIR                                           (abs)        003D79
_I2C1PIRbits                                       (abs)        003D79
_I2C1RXB                                           (abs)        003D6A
_I2C1SCLPPS                                        (abs)        003AE1
_I2C1SDAPPS                                        (abs)        003AE2
_I2C1STAT0bits                                     (abs)        003D77
_I2C1STAT1                                         (abs)        003D78
_I2C1STAT1bits                                     (abs)        003D78
_I2C1TXB                                           (abs)        003D6B
_I2C1_AddrTransmit                                 text75       0120AE
_I2C1_BufferClear                                  text93       0120E0
_I2C1_BusReset                                     text88       0119D0
_I2C1_Callback                                     bssBANK0     0000DE
_I2C1_CallbackRegister                             (abs)        000000
_I2C1_Close                                        text76       011C3A
_I2C1_CounterGet                                   text82       012112
_I2C1_CounterSet                                   text81       0120C2
_I2C1_DataReceive                                  text71       012100
_I2C1_DataTransmit                                 text80       0120B8
_I2C1_Deinitialize                                 (abs)        000000
_I2C1_ERROR_ISR                                    text77       01135E
_I2C1_ErrorFlagsClear                              text92       0120CC
_I2C1_ErrorGet                                     (abs)        000000
_I2C1_Host                                         mediumconst  00FF0A
_I2C1_ISR                                          text72       0116C6
_I2C1_Initialize                                   text15       01182E
_I2C1_InterruptsClear                              text91       012118
_I2C1_InterruptsDisable                            text90       012016
_I2C1_InterruptsEnable                             text16       011F28
_I2C1_IsAddr                                       text87       011FC2
_I2C1_IsBusCol                                     text86       011FAC
_I2C1_IsBusTimeOut                                 text85       011F96
_I2C1_IsBusy                                       (abs)        000000
_I2C1_IsData                                       text84       011F80
_I2C1_IsNack                                       text83       011F6A
_I2C1_RX_ISR                                       text70       011EB2
_I2C1_Read                                         (abs)        000000
_I2C1_ReadStart                                    text73       011C10
_I2C1_RestartDisable                               text79       01210C
_I2C1_StartSend                                    text74       012106
_I2C1_StopSend                                     text78       011CAE
_I2C1_TX_ISR                                       text69       011E98
_I2C1_Write                                        (abs)        000000
_I2C1_WriteRead                                    (abs)        000000
_INLVLA                                            (abs)        003A44
_INLVLB                                            (abs)        003A54
_INLVLC                                            (abs)        003A64
_INLVLE                                            (abs)        003A84
_INT0_DefaultInterruptHandler                      (abs)        000000
_INT0_InterruptHandler                             bssBANK0     0000DB
_INT0_SetInterruptHandler                          text14       012044
_INT1_DefaultInterruptHandler                      (abs)        000000
_INT1_InterruptHandler                             bssBANK0     0000D8
_INT1_SetInterruptHandler                          text13       012036
_INT2_DefaultInterruptHandler                      (abs)        000000
_INT2_InterruptHandler                             bssBANK0     0000D5
_INT2_SetInterruptHandler                          text12       012028
_INTCON0bits                                       (abs)        003FD2
_INTERRUPT_Initialize                              text11       011938
_INTERRUPT_InterruptManager                        text59       010B9C
_IOCAF                                             (abs)        003A47
_IOCAN                                             (abs)        003A46
_IOCAP                                             (abs)        003A45
_IOCBF                                             (abs)        003A57
_IOCBFbits                                         (abs)        003A57
_IOCBN                                             (abs)        003A56
_IOCBP                                             (abs)        003A55
_IOCCF                                             (abs)        003A67
_IOCCN                                             (abs)        003A66
_IOCCP                                             (abs)        003A65
_IOCEF                                             (abs)        003A87
_IOCEN                                             (abs)        003A86
_IOCEP                                             (abs)        003A85
_LATA                                              (abs)        003FBA
_LATAbits                                          (abs)        003FBA
_LATB                                              (abs)        003FBB
_LATC                                              (abs)        003FBC
_Led0_SetState                                     text49       011E60
_Led0_Toggle                                       text43       011C88
_Led1_SetState                                     text48       011E44
_Led2_SetState                                     text47       011E28
_Led3_SetState                                     text50       011E7C
_ODCONA                                            (abs)        003A42
_ODCONB                                            (abs)        003A52
_ODCONC                                            (abs)        003A62
_OSCCON1                                           (abs)        0039D9
_OSCCON3                                           (abs)        0039DB
_OSCEN                                             (abs)        0039DD
_OSCFRQ                                            (abs)        0039DF
_OSCTUNE                                           (abs)        0039DE
_PIE0bits                                          (abs)        003990
_PIE1bits                                          (abs)        003991
_PIE2bits                                          (abs)        003992
_PIE3bits                                          (abs)        003993
_PIE4bits                                          (abs)        003994
_PIN_MANAGER_IOC                                   text63       011F54
_PIN_MANAGER_Initialize                            text10       01157E
_PIR0bits                                          (abs)        0039A0
_PIR1bits                                          (abs)        0039A1
_PIR2bits                                          (abs)        0039A2
_PIR3bits                                          (abs)        0039A3
_PIR4bits                                          (abs)        0039A4
_PIR5bits                                          (abs)        0039A5
_PIR7bits                                          (abs)        0039A7
_PORTBbits                                         (abs)        003FCB
_PORTCbits                                         (abs)        003FCC
_PWM5CON                                           (abs)        003F6E
_PWM5DCH                                           (abs)        003F6D
_PWM5DCL                                           (abs)        003F6C
_PWM5_Initialize                                   text9        011F12
_PWM5_LoadDutyValue                                text101      011B54
_RA5PPS                                            (abs)        003A05
_RB1I2C                                            (abs)        003A5A
_RB1PPS                                            (abs)        003A09
_RB2I2C                                            (abs)        003A5B
_RB3PPS                                            (abs)        003A0B
_RC1PPS                                            (abs)        003A11
_RC3I2C                                            (abs)        003A6A
_RC3PPS                                            (abs)        003A13
_RC4I2C                                            (abs)        003A6B
_RC4PPS                                            (abs)        003A14
_SLRCONA                                           (abs)        003A43
_SLRCONB                                           (abs)        003A53
_SLRCONC                                           (abs)        003A63
_SPI1BAUD                                          (abs)        003D19
_SPI1CLK                                           (abs)        003D1C
_SPI1CON0                                          (abs)        003D14
_SPI1CON0bits                                      (abs)        003D14
_SPI1CON1                                          (abs)        003D15
_SPI1CON2                                          (abs)        003D16
_SPI1INTE                                          (abs)        003D1B
_SPI1INTF                                          (abs)        003D1A
_SPI1INTFbits                                      (abs)        003D1A
_SPI1RXB                                           (abs)        003D10
_SPI1SCKPPS                                        (abs)        003ADE
_SPI1SDIPPS                                        (abs)        003ADF
_SPI1STATUS                                        (abs)        003D17
_SPI1STATUSbits                                    (abs)        003D17
_SPI1TCNTH                                         (abs)        003D13
_SPI1TCNTL                                         (abs)        003D12
_SPI1TWIDTH                                        (abs)        003D18
_SPI1TXB                                           (abs)        003D11
_SPI1_BufferExchange                               (abs)        000000
_SPI1_BufferRead                                   text28       0118E2
_SPI1_BufferWrite                                  text27       01188A
_SPI1_ByteExchange                                 (abs)        000000
_SPI1_ByteRead                                     (abs)        000000
_SPI1_ByteWrite                                    (abs)        000000
_SPI1_Close                                        text57       01206E
_SPI1_Deinitialize                                 (abs)        000000
_SPI1_Host                                         mediumconst  00FEDD
_SPI1_Initialize                                   text8        011BE4
_SPI1_IsRxReady                                    (abs)        000000
_SPI1_IsTxReady                                    (abs)        000000
_SPI1_Open                                         text26       0111C4
_SPI1_Transfer                                     (abs)        000000
_SW1_DefaultInterruptHandler                       text66       012136
_SW1_ISR                                           text64       011AE8
_SW1_InterruptHandler                              nvBANK0      0000F3
_SW1_ReadPin                                       text46       011DA8
_SW1_ReadPin$intlevel0                             text46       011DB2
_SW1_SetInterruptHandler                           text56       012060
_SW2_ReadPin                                       text45       011ECC
_SYSTEM_Initialize                                 text1        011B88
_T0CON0                                            (abs)        003FB8
_T0CON0bits                                        (abs)        003FB8
_T0CON1                                            (abs)        003FB9
_T2CLKCON                                          (abs)        003FAE
_T2CON                                             (abs)        003FAC
_T2CONbits                                         (abs)        003FAC
_T2HLT                                             (abs)        003FAD
_T2HLTbits                                         (abs)        003FAD
_T2PR                                              (abs)        003FAB
_T2RST                                             (abs)        003FAF
_T2RSTbits                                         (abs)        003FAF
_T2TMR                                             (abs)        003FAA
_TIM0_EllapsedTimeCallback                         text61       0120F4
_TMR0H                                             (abs)        003FB7
_TMR0L                                             (abs)        003FB6
_TMR0_DefaultCallback                              text62       012134
_TMR0_ISR                                          text60       011AB2
_TMR0_Initialize                                   text7        011D40
_TMR0_PeriodGet                                    text25       012128
_TMR0_PeriodMatchCallback                          nvBANK0      0000F0
_TMR0_PeriodMatchCallbackRegister                  text55       012052
_TMR0_PeriodSet                                    text24       012096
_TMR0_Start                                        text54       012130
_TMR2_DefaultPeriodMatchCallback                   (abs)        000000
_TMR2_Initialize                                   text6        011C62
_TMR2_PeriodMatchCallback                          nvBANK0      0000ED
_TRISA                                             (abs)        003FC2
_TRISB                                             (abs)        003FC3
_TRISBbits                                         (abs)        003FC3
_TRISC                                             (abs)        003FC4
_U1BRGH                                            (abs)        003DF6
_U1BRGL                                            (abs)        003DF5
_U1CON0                                            (abs)        003DF2
_U1CON0bits                                        (abs)        003DF2
_U1CON1                                            (abs)        003DF3
_U1CON1bits                                        (abs)        003DF3
_U1CON2                                            (abs)        003DF4
_U1ERRIE                                           (abs)        003DFA
_U1ERRIR                                           (abs)        003DF9
_U1ERRIRbits                                       (abs)        003DF9
_U1FIFO                                            (abs)        003DF7
_U1FIFObits                                        (abs)        003DF7
_U1P1H                                             (abs)        003DED
_U1P1L                                             (abs)        003DEC
_U1P2H                                             (abs)        003DEF
_U1P2L                                             (abs)        003DEE
_U1P3H                                             (abs)        003DF1
_U1P3L                                             (abs)        003DF0
_U1RXB                                             (abs)        003DE8
_U1RXCHK                                           (abs)        003DE9
_U1RXPPS                                           (abs)        003AE5
_U1TXB                                             (abs)        003DEA
_U1TXCHK                                           (abs)        003DEB
_U1UIR                                             (abs)        003DF8
_U1UIRbits                                         (abs)        003DF8
_UART1_DefaultFramingErrorCallback                 (abs)        000000
_UART1_DefaultOverrunErrorCallback                 (abs)        000000
_UART1_DefaultParityErrorCallback                  (abs)        000000
_UART1_FramingErrorCallbackRegister                text5        011D1C
_UART1_FramingErrorHandler                         bssBANK0     0000D2
_UART1_Initialize                                  text2        011758
_UART1_IsTxDone                                    text53       011F3E
_UART1_IsTxReady                                   text36       011BB6
_UART1_IsTxReady$3001                              cstackBANK0  000060
_UART1_OverrunErrorCallbackRegister                text4        011CF8
_UART1_OverrunErrorHandler                         bssBANK0     0000CF
_UART1_ParityErrorCallbackRegister                 text3        011CD4
_UART1_ParityErrorHandler                          bssBANK0     0000CC
_UART1_Write                                       text52       0120A2
_UART_SendBuffer                                   text51       01162A
_UI_SW1_button_pressed                             bssCOMRAM    000058
_UI_SW2_button_pressed                             bssCOMRAM    000057
_Ui_ISR_SW1                                        text67       011DCA
_Ui_Initialize                                     text44       011004
_Ui_Led0_Toggle                                    text42       011DEC
_Ui_SW1_Clear                                      text23       0120E8
_Ui_Sw1_GetButtonState                             text22       012124
_Ui_Sw2_GetButtonState                             text41       01212C
_Ui_Sw2_ReadPin                                    text40       011D86
_WPUA                                              (abs)        003A41
_WPUB                                              (abs)        003A51
_WPUC                                              (abs)        003A61
_WPUE                                              (abs)        003A81
__HRAM                                             (abs)        000000
__H__absolute__                                    __absolute__ 000000
__Habs1                                            abs1         000000
__Hbank0                                           bank0        000000
__Hbank1                                           bank1        000000
__Hbank10                                          bank10       000000
__Hbank11                                          bank11       000000
__Hbank12                                          bank12       000000
__Hbank13                                          bank13       000000
__Hbank14                                          bank14       000000
__Hbank15                                          bank15       000000
__Hbank16                                          bank16       000000
__Hbank17                                          bank17       000000
__Hbank18                                          bank18       000000
__Hbank19                                          bank19       000000
__Hbank2                                           bank2        000000
__Hbank20                                          bank20       000000
__Hbank21                                          bank21       000000
__Hbank22                                          bank22       000000
__Hbank23                                          bank23       000000
__Hbank24                                          bank24       000000
__Hbank25                                          bank25       000000
__Hbank26                                          bank26       000000
__Hbank27                                          bank27       000000
__Hbank28                                          bank28       000000
__Hbank29                                          bank29       000000
__Hbank3                                           bank3        000000
__Hbank30                                          bank30       000000
__Hbank31                                          bank31       000000
__Hbank4                                           bank4        000000
__Hbank5                                           bank5        000000
__Hbank6                                           bank6        000000
__Hbank7                                           bank7        000000
__Hbank8                                           bank8        000000
__Hbank9                                           bank9        000000
__Hbigbss                                          bigbss       000000
__Hbigdata                                         bigdata      000000
__Hbigram                                          bigram       000000
__Hbigsfr                                          bigsfr       000000
__Hbss                                             bss          000000
__HbssBANK0                                        bssBANK0     000000
__HbssBANK1                                        bssBANK1     000000
__HbssCOMRAM                                       bssCOMRAM    000000
__Hcinit                                           cinit        000000
__Hclrtext                                         clrtext      000000
__Hcomram                                          comram       000000
__Hconfig                                          config       30000A
__Hconst                                           const        000000
__HcstackBANK0                                     cstackBANK0  000000
__HcstackCOMRAM                                    cstackCOMRAM 000000
__Hdata                                            data         000000
__Heeprom_data                                     eeprom_data  000000
__Hfarbss                                          farbss       000000
__Hfardata                                         fardata      000000
__Hheap                                            heap         000000
__Hibigdata                                        ibigdata     000000
__Hidata                                           idata        000000
__Hidloc                                           idloc        000000
__Hifardata                                        ifardata     000000
__Hinit                                            init         00001E
__Hintsave_regs                                    intsave_regs 000000
__Hirdata                                          irdata       000000
__Hivt0x8                                          ivt0x8       00001A
__Hmediumconst                                     mediumconst  010000
__HnvBANK0                                         nvBANK0      000000
__HnvFARRAM                                        nvFARRAM     000000
__Hnvbit                                           nvbit        000000
__Hnvrram                                          nvrram       000000
__Hparam                                           rparam       000000
__Hpowerup                                         powerup      000000
__Hram                                             ram          000000
__Hramtop                                          ramtop       002000
__Hrbit                                            rbit         000000
__Hrbss                                            rbss         000000
__Hrdata                                           rdata        000000
__Hreset_vec                                       reset_vec    000004
__Hrparam                                          rparam       000000
__Hsfr                                             sfr          000000
__Hsmallconst                                      smallconst   000000
__Hspace_0                                         (abs)        012138
__Hspace_1                                         (abs)        000120
__Hspace_2                                         (abs)        000000
__Hspace_4                                         (abs)        60000A
__Hstack                                           stack        000000
__Hstruct                                          struct       000000
__Htemp                                            temp         000000
__Htext                                            text         000000
__Htext0                                           text0        000000
__Htext1                                           text1        000000
__Htext10                                          text10       000000
__Htext100                                         text100      000000
__Htext101                                         text101      000000
__Htext102                                         text102      000000
__Htext103                                         text103      000000
__Htext11                                          text11       000000
__Htext12                                          text12       000000
__Htext13                                          text13       000000
__Htext14                                          text14       000000
__Htext15                                          text15       000000
__Htext16                                          text16       000000
__Htext17                                          text17       000000
__Htext18                                          text18       000000
__Htext19                                          text19       000000
__Htext2                                           text2        000000
__Htext20                                          text20       000000
__Htext21                                          text21       000000
__Htext22                                          text22       000000
__Htext23                                          text23       000000
__Htext24                                          text24       000000
__Htext25                                          text25       000000
__Htext26                                          text26       000000
__Htext27                                          text27       000000
__Htext28                                          text28       000000
__Htext29                                          text29       000000
__Htext3                                           text3        000000
__Htext30                                          text30       000000
__Htext31                                          text31       000000
__Htext32                                          text32       000000
__Htext33                                          text33       000000
__Htext34                                          text34       000000
__Htext35                                          text35       000000
__Htext36                                          text36       000000
__Htext37                                          text37       000000
__Htext38                                          text38       000000
__Htext39                                          text39       000000
__Htext4                                           text4        000000
__Htext40                                          text40       000000
__Htext41                                          text41       000000
__Htext42                                          text42       000000
__Htext43                                          text43       000000
__Htext44                                          text44       000000
__Htext45                                          text45       000000
__Htext46                                          text46       000000
__Htext47                                          text47       000000
__Htext48                                          text48       000000
__Htext49                                          text49       000000
__Htext5                                           text5        000000
__Htext50                                          text50       000000
__Htext51                                          text51       000000
__Htext52                                          text52       000000
__Htext53                                          text53       000000
__Htext54                                          text54       000000
__Htext55                                          text55       000000
__Htext56                                          text56       000000
__Htext57                                          text57       000000
__Htext58                                          text58       000000
__Htext59                                          text59       000000
__Htext6                                           text6        000000
__Htext60                                          text60       000000
__Htext61                                          text61       000000
__Htext62                                          text62       000000
__Htext63                                          text63       000000
__Htext64                                          text64       000000
__Htext65                                          text65       000000
__Htext66                                          text66       000000
__Htext67                                          text67       000000
__Htext68                                          text68       000000
__Htext69                                          text69       000000
__Htext7                                           text7        000000
__Htext70                                          text70       000000
__Htext71                                          text71       000000
__Htext72                                          text72       000000
__Htext73                                          text73       000000
__Htext74                                          text74       000000
__Htext75                                          text75       000000
__Htext76                                          text76       000000
__Htext77                                          text77       000000
__Htext78                                          text78       000000
__Htext79                                          text79       000000
__Htext8                                           text8        000000
__Htext80                                          text80       000000
__Htext81                                          text81       000000
__Htext82                                          text82       000000
__Htext83                                          text83       000000
__Htext84                                          text84       000000
__Htext85                                          text85       000000
__Htext86                                          text86       000000
__Htext87                                          text87       000000
__Htext88                                          text88       000000
__Htext89                                          text89       000000
__Htext9                                           text9        000000
__Htext90                                          text90       000000
__Htext91                                          text91       000000
__Htext92                                          text92       000000
__Htext93                                          text93       000000
__Htext94                                          text94       000000
__Htext95                                          text95       000000
__Htext96                                          text96       000000
__Htext97                                          text97       000000
__Htext98                                          text98       000000
__Htext99                                          text99       000000
__LRAM                                             (abs)        000001
__L__absolute__                                    __absolute__ 000000
__Labs1                                            abs1         000000
__Lbank0                                           bank0        000000
__Lbank1                                           bank1        000000
__Lbank10                                          bank10       000000
__Lbank11                                          bank11       000000
__Lbank12                                          bank12       000000
__Lbank13                                          bank13       000000
__Lbank14                                          bank14       000000
__Lbank15                                          bank15       000000
__Lbank16                                          bank16       000000
__Lbank17                                          bank17       000000
__Lbank18                                          bank18       000000
__Lbank19                                          bank19       000000
__Lbank2                                           bank2        000000
__Lbank20                                          bank20       000000
__Lbank21                                          bank21       000000
__Lbank22                                          bank22       000000
__Lbank23                                          bank23       000000
__Lbank24                                          bank24       000000
__Lbank25                                          bank25       000000
__Lbank26                                          bank26       000000
__Lbank27                                          bank27       000000
__Lbank28                                          bank28       000000
__Lbank29                                          bank29       000000
__Lbank3                                           bank3        000000
__Lbank30                                          bank30       000000
__Lbank31                                          bank31       000000
__Lbank4                                           bank4        000000
__Lbank5                                           bank5        000000
__Lbank6                                           bank6        000000
__Lbank7                                           bank7        000000
__Lbank8                                           bank8        000000
__Lbank9                                           bank9        000000
__Lbigbss                                          bigbss       000000
__Lbigdata                                         bigdata      000000
__Lbigram                                          bigram       000000
__Lbigsfr                                          bigsfr       000000
__Lbss                                             bss          000000
__LbssBANK0                                        bssBANK0     000000
__LbssBANK1                                        bssBANK1     000000
__LbssCOMRAM                                       bssCOMRAM    000000
__Lcinit                                           cinit        000000
__Lclrtext                                         clrtext      000000
__Lcomram                                          comram       000000
__Lconfig                                          config       000000
__Lconst                                           const        000000
__LcstackBANK0                                     cstackBANK0  000000
__LcstackCOMRAM                                    cstackCOMRAM 000000
__Ldata                                            data         000000
__Leeprom_data                                     eeprom_data  000000
__Lfarbss                                          farbss       000000
__Lfardata                                         fardata      000000
__Lheap                                            heap         000000
__Libigdata                                        ibigdata     000000
__Lidata                                           idata        000000
__Lidloc                                           idloc        000000
__Lifardata                                        ifardata     000000
__Linit                                            init         00001A
__Lintsave_regs                                    intsave_regs 000000
__Lirdata                                          irdata       000000
__Livt0x8                                          ivt0x8       000008
__Lmediumconst                                     mediumconst  00FEDC
__LnvBANK0                                         nvBANK0      000000
__LnvFARRAM                                        nvFARRAM     000000
__Lnvbit                                           nvbit        000000
__Lnvrram                                          nvrram       000000
__Lparam                                           rparam       000000
__Lpowerup                                         powerup      000000
__Lram                                             ram          000000
__Lramtop                                          ramtop       002000
__Lrbit                                            rbit         000000
__Lrbss                                            rbss         000000
__Lrdata                                           rdata        000000
__Lreset_vec                                       reset_vec    000000
__Lrparam                                          rparam       000000
__Lsfr                                             sfr          000000
__Lsmallconst                                      smallconst   000000
__Lspace_0                                         (abs)        000000
__Lspace_1                                         (abs)        000000
__Lspace_2                                         (abs)        000000
__Lspace_4                                         (abs)        000000
__Lstack                                           stack        000000
__Lstruct                                          struct       000000
__Ltemp                                            temp         000000
__Ltext                                            text         000000
__Ltext0                                           text0        000000
__Ltext1                                           text1        000000
__Ltext10                                          text10       000000
__Ltext100                                         text100      000000
__Ltext101                                         text101      000000
__Ltext102                                         text102      000000
__Ltext103                                         text103      000000
__Ltext11                                          text11       000000
__Ltext12                                          text12       000000
__Ltext13                                          text13       000000
__Ltext14                                          text14       000000
__Ltext15                                          text15       000000
__Ltext16                                          text16       000000
__Ltext17                                          text17       000000
__Ltext18                                          text18       000000
__Ltext19                                          text19       000000
__Ltext2                                           text2        000000
__Ltext20                                          text20       000000
__Ltext21                                          text21       000000
__Ltext22                                          text22       000000
__Ltext23                                          text23       000000
__Ltext24                                          text24       000000
__Ltext25                                          text25       000000
__Ltext26                                          text26       000000
__Ltext27                                          text27       000000
__Ltext28                                          text28       000000
__Ltext29                                          text29       000000
__Ltext3                                           text3        000000
__Ltext30                                          text30       000000
__Ltext31                                          text31       000000
__Ltext32                                          text32       000000
__Ltext33                                          text33       000000
__Ltext34                                          text34       000000
__Ltext35                                          text35       000000
__Ltext36                                          text36       000000
__Ltext37                                          text37       000000
__Ltext38                                          text38       000000
__Ltext39                                          text39       000000
__Ltext4                                           text4        000000
__Ltext40                                          text40       000000
__Ltext41                                          text41       000000
__Ltext42                                          text42       000000
__Ltext43                                          text43       000000
__Ltext44                                          text44       000000
__Ltext45                                          text45       000000
__Ltext46                                          text46       000000
__Ltext47                                          text47       000000
__Ltext48                                          text48       000000
__Ltext49                                          text49       000000
__Ltext5                                           text5        000000
__Ltext50                                          text50       000000
__Ltext51                                          text51       000000
__Ltext52                                          text52       000000
__Ltext53                                          text53       000000
__Ltext54                                          text54       000000
__Ltext55                                          text55       000000
__Ltext56                                          text56       000000
__Ltext57                                          text57       000000
__Ltext58                                          text58       000000
__Ltext59                                          text59       000000
__Ltext6                                           text6        000000
__Ltext60                                          text60       000000
__Ltext61                                          text61       000000
__Ltext62                                          text62       000000
__Ltext63                                          text63       000000
__Ltext64                                          text64       000000
__Ltext65                                          text65       000000
__Ltext66                                          text66       000000
__Ltext67                                          text67       000000
__Ltext68                                          text68       000000
__Ltext69                                          text69       000000
__Ltext7                                           text7        000000
__Ltext70                                          text70       000000
__Ltext71                                          text71       000000
__Ltext72                                          text72       000000
__Ltext73                                          text73       000000
__Ltext74                                          text74       000000
__Ltext75                                          text75       000000
__Ltext76                                          text76       000000
__Ltext77                                          text77       000000
[...]
__ptext101                                         text101      011B54
__ptext102                                         text102      0120D6
__ptext103                                         text103      011FEE
__ptext11                                          text11       011938
__ptext12                                          text12       012028
__ptext13                                          text13       012036
__ptext14                                          text14       012044
__ptext15                                          text15       01182E
__ptext16                                          text16       011F28
__ptext17                                          text17       01208A
__ptext18                                          text18       012004
__ptext19                                          text19       0117CA
__ptext2                                           text2        011758
__ptext20                                          text20       0110E6
__ptext21                                          text21       011A0E
__ptext22                                          text22       012124
__ptext23                                          text23       0120E8
__ptext24                                          text24       012096
__ptext25                                          text25       012128
__ptext26                                          text26       0111C4
__ptext27                                          text27       01188A
__ptext28                                          text28       0118E2
__ptext29                                          text29       0120EE
__ptext3                                           text3        011CD4
__ptext30                                          text30       010CD4
__ptext31                                          text31       011E0C
__ptext32                                          text32       011984
__ptext33                                          text33       0107D8
__ptext34                                          text34       0114D0
__ptext35                                          text35       011D64
__ptext36                                          text36       011BB6
__ptext37                                          text37       011A7C
__ptext38                                          text38       011420
__ptext39                                          text39       01129C
__ptext4                                           text4        011CF8
__ptext40                                          text40       011D86
__ptext41                                          text41       01212C
__ptext42                                          text42       011DEC
__ptext43                                          text43       011C88
__ptext44                                          text44       011004
__ptext45                                          text45       011ECC
__ptext46                                          text46       011DA8
__ptext47                                          text47       011E28
__ptext48                                          text48       011E44
__ptext49                                          text49       011E60
__ptext5                                           text5        011D1C
__ptext50                                          text50       011E7C
__ptext51                                          text51       01162A
__ptext52                                          text52       0120A2
__ptext53                                          text53       011F3E
__ptext54                                          text54       012130
__ptext55                                          text55       012052
__ptext56                                          text56       012060
__ptext57                                          text57       01206E
__ptext58                                          text58       01207C
__ptext59                                          text59       010B9C
__ptext6                                           text6        011C62
__ptext60                                          text60       011AB2
__ptext61                                          text61       0120F4
__ptext62                                          text62       012134
__ptext63                                          text63       011F54
__ptext64                                          text64       011AE8
__ptext65                                          text65       0120FA
__ptext66                                          text66       012136
__ptext67                                          text67       011DCA
__ptext68                                          text68       011EE4
__ptext69                                          text69       011E98
__ptext7                                           text7        011D40
__ptext70                                          text70       011EB2
__ptext71                                          text71       012100
__ptext72                                          text72       0116C6
__ptext73                                          text73       011C10
__ptext74                                          text74       012106
__ptext75                                          text75       0120AE
__ptext76                                          text76       011C3A
__ptext77                                          text77       01135E
__ptext78                                          text78       011CAE
__ptext79                                          text79       01210C
__ptext8                                           text8        011BE4
__ptext80                                          text80       0120B8
__ptext81                                          text81       0120C2
__ptext82                                          text82       012112
__ptext83                                          text83       011F6A
__ptext84                                          text84       011F80
__ptext85                                          text85       011F96
__ptext86                                          text86       011FAC
__ptext87                                          text87       011FC2
__ptext88                                          text88       0119D0
__ptext89                                          text89       011FD8
__ptext9                                           text9        011F12
__ptext90                                          text90       012016
__ptext91                                          text91       012118
__ptext92                                          text92       0120CC
__ptext93                                          text93       0120E0
__ptext94                                          text94       01211E
__ptext95                                          text95       011B1E
__ptext96                                          text96       010DF0
__ptext97                                          text97       0109E8
__ptext98                                          text98       010EFE
__ptext99                                          text99       010000
__ramtop                                           ramtop       002000
__smallconst                                       mediumconst  00FEDC
_abs                                               text37       011A7C
_adc_busy_status                                   bssCOMRAM    00005B
_adc_value                                         bssCOMRAM    000054
_dbuf                                              bssBANK1     000100
_flags                                             bssCOMRAM    000056
_fputc                                             text34       0114D0
_i2c1Status                                        bssBANK0     0000BF
_main                                              text0        011EFC
_period_elapsed                                    bssCOMRAM    000059
_prec                                              bssBANK0     0000E9
_printf                                            text31       011E0C
_putch                                             text35       011D64
_spi1_configuration                                mediumconst  00FF28
_sprintf                                           text21       011A0E
_str                                               mediumconst  00FF32
_uart1RxLastError                                  bssBANK0     0000EB
_ui_config                                         bssBANK0     0000A7
_vfpfcnvrt                                         text33       0107D8
_vfprintf                                          text32       011984
_width                                             bssBANK0     0000E7
abs@a                                              cstackBANK0  000066
end_of_initialization                              cinit        011A76
fputc@c                                            cstackBANK0  000062
fputc@fp                                           cstackBANK0  000064
i2_I2C1_InterruptsEnable                           text89       011FD8
i2_SW1_ReadPin                                     text68       011EE4
intlevel0                                          text         000000
intlevel1                                          text         000000
intlevel2                                          text         000000
intlevel3                                          text         000000
isa$std                                            (abs)        000001
isa$xinst                                          (abs)        000000
ivt0x8_base                                        ivt0x8       000008
printf@ap                                          cstackBANK0  00007F
printf@fmt                                         cstackBANK0  00007D
putch@c                                            cstackBANK0  000061
sprintf@ap                                         cstackBANK0  000084
sprintf@f                                          cstackBANK0  000085
sprintf@fmt                                        cstackBANK0  00007E
sprintf@s                                          cstackBANK0  00007D
stackhi                                            (abs)        000000
stacklo                                            (abs)        000000
start                                              init         00001A
start_initialization                               cinit        011A46
vfpfcnvrt@ap                                       cstackBANK0  00006C
vfpfcnvrt@c                                        cstackBANK0  000076
vfpfcnvrt@convarg                                  cstackBANK0  000072
vfpfcnvrt@cp                                       cstackBANK0  000070
vfpfcnvrt@done                                     cstackBANK0  00006F
vfpfcnvrt@fmt                                      cstackBANK0  00006B
vfpfcnvrt@fp                                       cstackBANK0  00006A
vfprintf@ap                                        cstackBANK0  00007A
vfprintf@cfmt                                      cstackBANK0  00007B
vfprintf@fmt                                       cstackBANK0  000078
vfprintf@fp                                        cstackBANK0  000077


MODULE INFORMATION

Module		Function		Class		Link	Load	Size
C:\Program Files\Microchip\xc8\v3.10\pic\sources\c99\common\awmod.c
		___awmod       		CODE           	11420	0000	176

C:\Program Files\Microchip\xc8\v3.10\pic\sources\c99\common\awmod.c estimated size: 176

AbsLayer.c
		_UART_SendBuffer		CODE           	1162A	0000	156
		_Led1_SetState 		CODE           	11E44	0000	28
		_Led0_Toggle   		CODE           	11C88	0000	38
		_Led2_SetState 		CODE           	11E28	0000	28
		_putch         		CODE           	11D64	0000	34
		_Led3_SetState 		CODE           	11E7C	0000	28
		_TIM0_EllapsedTimeCallback		CODE           	120F4	0000	6
		_Abs_Loop      		CODE           	110E6	0000	222
		_SW1_ReadPin   		CODE           	11DA8	0000	34
		_SW2_ReadPin   		CODE           	11ECC	0000	24
		_ExtISR_Handler		CODE           	120FA	0000	6
		_Abs_LayerInit 		CODE           	10CD4	0000	284
		_ADC_CompleteConversionCallback		CODE           	10DF0	0000	270
		_Led0_SetState 		CODE           	11E60	0000	28

AbsLayer.c estimated size: 1186

C:\Program Files\Microchip\xc8\v3.10\pic\sources\c99\common\abs.c
		_abs           		CODE           	11A7C	0000	54

C:\Program Files\Microchip\xc8\v3.10\pic\sources\c99\common\abs.c estimated size: 54

mcc_generated_files/system/src/interrupt.c
		_INT0_SetInterruptHandler		CODE           	12044	0000	14
		_INT1_SetInterruptHandler		CODE           	12036	0000	14
		_INT2_SetInterruptHandler		CODE           	12028	0000	14
		_INTERRUPT_Initialize		CODE           	11938	0000	76
		_INTERRUPT_InterruptManager		CODE           	10B9C	0000	312

mcc_generated_files/system/src/interrupt.c estimated size: 430

C:\Program Files\Microchip\xc8\v3.10\pic\sources\c99\common\printf.c
		_printf        		CODE           	11E0C	0000	28

C:\Program Files\Microchip\xc8\v3.10\pic\sources\c99\common\printf.c estimated size: 28

mcc_generated_files/adc/src/adc.c
		_ADC_Initialize		CODE           	117CA	0000	100
		_ADC_ConversionDoneCallbackRegister		CODE           	1207C	0000	14
		_ADC_ConversionStart		CODE           	120EE	0000	6
		_ADC_ISR       		CODE           	11B1E	0000	54
		_ADC_ThresholdISR		CODE           	1211E	0000	6
		_ADC_ConversionResultGet		CODE           	11FEE	0000	22

mcc_generated_files/adc/src/adc.c estimated size: 202

C:\Program Files\Microchip\xc8\v3.10\pic\sources\c99\common\awdiv.c
		___awdiv       		CODE           	1129C	0000	194

C:\Program Files\Microchip\xc8\v3.10\pic\sources\c99\common\awdiv.c estimated size: 194

mcc_generated_files/uart/src/uart1.c
		_UART1_IsTxReady		CODE           	11BB6	0000	46
		_UART1_Write   		CODE           	120A2	0000	12
		_UART1_FramingErrorCallbackRegister		CODE           	11D1C	0000	36
		_UART1_OverrunErrorCallbackRegister		CODE           	11CF8	0000	36
		_UART1_Initialize		CODE           	11758	0000	114
		_UART1_IsTxDone		CODE           	11F3E	0000	22
		_UART1_ParityErrorCallbackRegister		CODE           	11CD4	0000	36

mcc_generated_files/uart/src/uart1.c estimated size: 302

mcc_generated_files/i2c_host/src/i2c1.c
		_I2C1_RX_ISR   		CODE           	11EB2	0000	26
		_I2C1_InterruptsEnable		CODE           	11F28	0000	22
		_I2C1_CounterGet		CODE           	12112	0000	6
		_I2C1_CounterSet		CODE           	120C2	0000	10
		_I2C1_ReadStart		CODE           	11C10	0000	42
		_I2C1_InterruptsClear		CODE           	12118	0000	6
		_I2C1_ISR      		CODE           	116C6	0000	146
		_I2C1_DataReceive		CODE           	12100	0000	6
		_I2C1_IsData   		CODE           	11F80	0000	22
		_I2C1_IsNack   		CODE           	11F6A	0000	22
		_I2C1_IsAddr   		CODE           	11FC2	0000	22
		_I2C1_InterruptsDisable		CODE           	12016	0000	18
		_I2C1_BufferClear		CODE           	120E0	0000	8
		_I2C1_BusReset 		CODE           	119D0	0000	62
		_I2C1_Initialize		CODE           	1182E	0000	92
		_I2C1_Close    		CODE           	11C3A	0000	40
		_I2C1_IsBusCol 		CODE           	11FAC	0000	22
		_I2C1_ERROR_ISR		CODE           	1135E	0000	194
		_I2C1_ErrorFlagsClear		CODE           	120CC	0000	10
		_I2C1_TX_ISR   		CODE           	11E98	0000	26
		_I2C1_StopSend 		CODE           	11CAE	0000	38
		_I2C1_RestartDisable		CODE           	1210C	0000	6
		_I2C1_DataTransmit		CODE           	120B8	0000	10
		_I2C1_AddrTransmit		CODE           	120AE	0000	10
		_I2C1_IsBusTimeOut		CODE           	11F96	0000	22
		_I2C1_StartSend		CODE           	12106	0000	6

mcc_generated_files/i2c_host/src/i2c1.c estimated size: 894

C:\Program Files\Microchip\xc8\v3.10\pic\sources\c99\common\fltol.c
		___fltol       		CODE           	10EFE	0000	262

C:\Program Files\Microchip\xc8\v3.10\pic\sources\c99\common\fltol.c estimated size: 262

mcc_generated_files/pwm/src/pwm5.c
		_PWM5_LoadDutyValue		CODE           	11B54	0000	52
		_PWM5_Initialize		CODE           	11F12	0000	22

mcc_generated_files/pwm/src/pwm5.c estimated size: 74

C:\Program Files\Microchip\xc8\v3.10\pic\sources\c99\common\sprcmul.c
		___flmul       		CODE           	10000	0000	1098

C:\Program Files\Microchip\xc8\v3.10\pic\sources\c99\common\sprcmul.c estimated size: 1098

mcc_generated_files/system/src/pins.c
		_PIN_MANAGER_Initialize		CODE           	1157E	0000	172
		_SW1_SetInterruptHandler		CODE           	12060	0000	14
		_SW1_ISR       		CODE           	11AE8	0000	54
		_PIN_MANAGER_IOC		CODE           	11F54	0000	22
		_SW1_DefaultInterruptHandler		CODE           	12136	0000	2

mcc_generated_files/system/src/pins.c estimated size: 264

C:\Program Files\Microchip\xc8\v3.10\pic\sources\c99\common\nf_sprintf.c
		_sprintf       		CODE           	11A0E	0000	56

C:\Program Files\Microchip\xc8\v3.10\pic\sources\c99\common\nf_sprintf.c estimated size: 56

C:\Program Files\Microchip\xc8\v3.10\pic\sources\c99\common\xxtofl.c
		___xxtofl      		CODE           	109E8	0000	436

C:\Program Files\Microchip\xc8\v3.10\pic\sources\c99\common\xxtofl.c estimated size: 436

C:\Program Files\Microchip\xc8\v3.10\pic\sources\c99\common\sprcdiv.c
		___fldiv       		CODE           	1044A	0000	910

C:\Program Files\Microchip\xc8\v3.10\pic\sources\c99\common\sprcdiv.c estimated size: 910

mcc_generated_files/dac/src/dac1.c
		_DAC1_SetOutput		CODE           	120D6	0000	10
		_DAC1_Initialize		CODE           	1208A	0000	12

mcc_generated_files/dac/src/dac1.c estimated size: 22

shared
		i2_I2C1_InterruptsEnable		CODE           	11FD8	0000	22
		i2_SW1_ReadPin 		CODE           	11EE4	0000	24
		__initialization		CODE           	11A46	0000	48
		_I2C1_Host     		MEDIUMCONST    	FF0A	0000	30
		_SPI1_Host     		MEDIUMCONST    	FEDD	0000	45
		_str           		MEDIUMCONST    	FF32	0000	16
		_spi1_configuration		MEDIUMCONST    	FF28	0000	10

shared estimated size: 195

Ui.c
		_Ui_Sw1_GetButtonState		CODE           	12124	0000	4
		_Ui_ISR_SW1    		CODE           	11DCA	0000	34
		_Ui_Sw2_GetButtonState		CODE           	1212C	0000	4
		_Ui_Initialize 		CODE           	11004	0000	226
		_Ui_SW1_Clear  		CODE           	120E8	0000	6
		_Ui_Sw2_ReadPin		CODE           	11D86	0000	34
		_Ui_Led0_Toggle		CODE           	11DEC	0000	32

Ui.c estimated size: 340

C:\Program Files\Microchip\xc8\v3.10\pic\sources\c99\common\nf_fputc.c
		_fputc         		CODE           	114D0	0000	174

C:\Program Files\Microchip\xc8\v3.10\pic\sources\c99\common\nf_fputc.c estimated size: 174

mcc_generated_files/timer/src/tmr2.c
		_TMR2_Initialize		CODE           	11C62	0000	38

mcc_generated_files/timer/src/tmr2.c estimated size: 38

mcc_generated_files/system/src/clock.c
		_CLOCK_Initialize		CODE           	12004	0000	18

mcc_generated_files/system/src/clock.c estimated size: 18

mcc_generated_files/timer/src/tmr0.c
		_TMR0_DefaultCallback		CODE           	12134	0000	2
		_TMR0_ISR      		CODE           	11AB2	0000	54
		_TMR0_PeriodGet		CODE           	12128	0000	4
		_TMR0_PeriodSet		CODE           	12096	0000	12
		_TMR0_Initialize		CODE           	11D40	0000	36
		_TMR0_PeriodMatchCallbackRegister		CODE           	12052	0000	14
		_TMR0_Start    		CODE           	12130	0000	4

mcc_generated_files/timer/src/tmr0.c estimated size: 126

C:\Program Files\Microchip\xc8\v3.10\pic\sources\c99\common\doprnt.c
		_vfpfcnvrt     		CODE           	107D8	0000	528
		_vfprintf      		CODE           	11984	0000	76

C:\Program Files\Microchip\xc8\v3.10\pic\sources\c99\common\doprnt.c estimated size: 604

main.c
		_main          		CODE           	11EFC	0000	22

main.c estimated size: 22

mcc_generated_files/system/src/system.c
		_SYSTEM_Initialize		CODE           	11B88	0000	46

mcc_generated_files/system/src/system.c estimated size: 46

mcc_generated_files/spi/src/spi1.c
		_SPI1_BufferRead		CODE           	118E2	0000	86
		_SPI1_Open     		CODE           	111C4	0000	216
		_SPI1_BufferWrite		CODE           	1188A	0000	88
		_SPI1_Initialize		CODE           	11BE4	0000	44
		_SPI1_Close    		CODE           	1206E	0000	14

mcc_generated_files/spi/src/spi1.c estimated size: 448

