Microchip MPLAB XC8 Compiler V3.10

Linker command line:

-W-3 \
  --edf=C:\Program Files\Microchip\xc8\v3.10\pic\dat\20250813170317_en.msgs \
  -pivt0x8=08h -cn -h+dist/default/debug\Test.X.debug.sym \
  --cmf=dist/default/debug\Test.X.debug.cmf -z -Q18F27K42 \
  -oC:\Users\ppeixoto\AppData\Local\Temp\xcAsduw.0\driver_tmp_3.o \
  --defsym=__MPLAB_BUILD=1 --fixupoverflow=error \
  -Mdist/default/debug/Test.X.debug.map \
  --md=C:\Users\ppeixoto\AppData\Local\Temp\xcAsduw.0\driver_tmp_0.dat -E1 \
  -ver=XC8 Compiler -ACODE=00h-01FFFFh -ACONST=00h-01FFFFh \
  -ASMALLCONST=02000h-020FFhx224,012000h-0120FFhx224 \
  -AMEDIUMCONST=02000h-0FFFFh,012000h-01FFFFh -ACOMRAM=01h-05Fh \
  -AABS1=00h-01FFFh -ABIGRAM=01h-01FFFh -ARAM=060h-0FFh,0100h-01FFhx31 \
  -ABANK0=060h-0FFh -ABANK1=0100h-01FFh -ABANK2=0200h-02FFh \
  -ABANK3=0300h-03FFh -ABANK4=0400h-04FFh -ABANK5=0500h-05FFh \
  -ABANK6=0600h-06FFh -ABANK7=0700h-07FFh -ABANK8=0800h-08FFh \
  -ABANK9=0900h-09FFh -ABANK10=0A00h-0AFFh -ABANK11=0B00h-0BFFh \
  -ABANK12=0C00h-0CFFh -ABANK13=0D00h-0DFFh -ABANK14=0E00h-0EFFh \
  -ABANK15=0F00h-0FFFh -ABANK16=01000h-010FFh -ABANK17=01100h-011FFh \
  -ABANK18=01200h-012FFh -ABANK19=01300h-013FFh -ABANK20=01400h-014FFh \
  -ABANK21=01500h-015FFh -ABANK22=01600h-016FFh -ABANK23=01700h-017FFh \
  -ABANK24=01800h-018FFh -ABANK25=01900h-019FFh -ABANK26=01A00h-01AFFh \
  -ABANK27=01B00h-01BFFh -ABANK28=01C00h-01CFFh -ABANK29=01D00h-01DFFh \
  -ABANK30=01E00h-01EFFh -ABANK31=01F00h-01FFFh \
  -ASFR=03800h-038FFhx7,03F00h-03F5Fh,03F60h-03FFFh -ABIGSFR=03800h-03FFFh \
  -ACONFIG=0300000h-0300009h -AIDLOC=0200000h-020000Fh \
  -AEEDATA=0310000h-03103FFh -peeprom_data=EEDATA -preset_vec=00h \
  -ppowerup=CODE,init -pramtop=02000h -psmallconst=SMALLCONST \
  -pmediumconst=MEDIUMCONST -pconst=CONST -AFARRAM=00h-00h \
  -prdata=COMRAM,nvrram=COMRAM,nvbit=COMRAM,rbss=COMRAM,rbit=COMRAM \
  -pfarbss=FARRAM,fardata=FARRAM,nvFARRAM=FARRAM \
  -pintsave_regs=BIGRAM,bigbss=BIGRAM,bigdata=BIGRAM -pbss=RAM \
  -pidata=CODE,irdata=CODE,ibigdata=CODE,ifardata=CODE -prparam=COMRAM \
  C:\Users\ppeixoto\AppData\Local\Temp\xcAsduw.0\driver_tmp_9.o \
  dist/default/debug\Test.X.debug.o 

Object code version is 3.11

Machine type is 18F27K42



                Name                               Link     Load   Length Selector   Space Scale
C:\Users\ppeixoto\AppData\Local\Temp\xcAsduw.0\driver_tmp_9.o
                config                           300000   300000        A        0       4
                init                                 1A       1A        4        4       0
                reset_vec                             0        0        4        0       0
dist/default/debug\Test.X.debug.o
                config                           300000   300000        A        0       4
                smallconst                         2000     2000        2     1000       0
                ivt0x8                                8        8       12        4       0
                text41                             30AC     30AC       16     1001       0
                text40                             3156     3156        A     1001       0
                text39                             2FAA     2FAA       34     1001       0
                text38                             244C     244C      38E     1001       0
                text37                             2002     2002      44A     1001       0
                text36                             2A9C     2A9C      106     1001       0
                text35                             27DA     27DA      1B4     1001       0
                text34                             298E     298E      10E     1001       0
                text33                             2F74     2F74       36     1001       0
                text32                             3172     3172        6     1001       0
                text31                             317E     317E        2     1001       0
                text30                             314C     314C        A     1001       0
                text29                             2F3E     2F3E       36     1001       0
                text28                             3096     3096       16     1001       0
                text27                             317C     317C        2     1001       0
                text26                             316C     316C        6     1001       0
                text25                             2F08     2F08       36     1001       0
                text24                             2C64     2C64       A8     1001       0
                text23                             3140     3140        C     1001       0
                text22                             311A     311A        E     1001       0
                text21                             3166     3166        6     1001       0
                text20                             2DF8     2DF8       64     1001       0
                text19                             3134     3134        C     1001       0
                text18                             3068     3068       18     1001       0
                text17                             310C     310C        E     1001       0
                text16                             30FE     30FE        E     1001       0
                text15                             2E5C     2E5C       60     1001       0
                text14                             3160     3160        6     1001       0
                text13                             3178     3178        4     1001       0
                text12                             3128     3128        C     1001       0
                text11                             2BA2     2BA2       C2     1001       0
                text10                             2D88     2D88       70     1001       0
                text9                              30C2     30C2       12     1001       0
                text8                              30F0     30F0        E     1001       0
                text7                              30E2     30E2        E     1001       0
                text6                              30D4     30D4        E     1001       0
                text5                              2EBC     2EBC       4C     1001       0
                text4                              2D0C     2D0C       7C     1001       0
                text3                              3004     3004       24     1001       0
                text2                              2FDE     2FDE       26     1001       0
                text1                              3028     3028       22     1001       0
                text0                              3080     3080       16     1001       0
                cstackCOMRAM                          1        1       53        1       1
                cstackBANK0                          72       72        A       60       1
                bssCOMRAM                            54       54        7        1       1
                cinit                              304A     304A       1E     1001       0
                nvBANK0                              60       60       12       60       1
                nvCOMRAM                             5B       5B        4        1       1

TOTAL           Name                               Link     Load   Length     Space
        CLASS   CODE           
                init                                 1A       1A        4         0
                reset_vec                             0        0        4         0
                ivt0x8                                8        8       12         0
                text41                             30AC     30AC       16         0
                text40                             3156     3156        A         0
                text39                             2FAA     2FAA       34         0
                text38                             244C     244C      38E         0
                text37                             2002     2002      44A         0
                text36                             2A9C     2A9C      106         0
                text35                             27DA     27DA      1B4         0
                text34                             298E     298E      10E         0
                text33                             2F74     2F74       36         0
                text32                             3172     3172        6         0
                text31                             317E     317E        2         0
                text30                             314C     314C        A         0
                text29                             2F3E     2F3E       36         0
                text28                             3096     3096       16         0
                text27                             317C     317C        2         0
                text26                             316C     316C        6         0
                text25                             2F08     2F08       36         0
                text24                             2C64     2C64       A8         0
                text23                             3140     3140        C         0
                text22                             311A     311A        E         0
                text21                             3166     3166        6         0
                text20                             2DF8     2DF8       64         0
                text19                             3134     3134        C         0
                text18                             3068     3068       18         0
                text17                             310C     310C        E         0
                text16                             30FE     30FE        E         0
                text15                             2E5C     2E5C       60         0
                text14                             3160     3160        6         0
                text13                             3178     3178        4         0
                text12                             3128     3128        C         0
                text11                             2BA2     2BA2       C2         0
                text10                             2D88     2D88       70         0
                text9                              30C2     30C2       12         0
                text8                              30F0     30F0        E         0
                text7                              30E2     30E2        E         0
                text6                              30D4     30D4        E         0
                text5                              2EBC     2EBC       4C         0
                text4                              2D0C     2D0C       7C         0
                text3                              3004     3004       24         0
                text2                              2FDE     2FDE       26         0
                text1                              3028     3028       22         0
                text0                              3080     3080       16         0
                cinit                              304A     304A       1E         0

        CLASS   CONST          

        CLASS   SMALLCONST     
                smallconst                         2000     2000        2         0

        CLASS   MEDIUMCONST    

        CLASS   COMRAM         
                cstackCOMRAM                          1        1       53         1
                bssCOMRAM                            54       54        7         1
                nvCOMRAM                             5B       5B        4         1

        CLASS   ABS1           

        CLASS   BIGRAM         

        CLASS   RAM            

        CLASS   BANK0          
                cstackBANK0                          72       72        A         1
                nvBANK0                              60       60       12         1

        CLASS   BANK1          

        CLASS   BANK2          

        CLASS   BANK3          

        CLASS   BANK4          

        CLASS   BANK5          

        CLASS   BANK6          

        CLASS   BANK7          

        CLASS   BANK8          

        CLASS   BANK9          

        CLASS   BANK10         

        CLASS   BANK11         

        CLASS   BANK12         

        CLASS   BANK13         

        CLASS   BANK14         

        CLASS   BANK15         

        CLASS   BANK16         

        CLASS   BANK17         

        CLASS   BANK18         

        CLASS   BANK19         

        CLASS   BANK20         

        CLASS   BANK21         

        CLASS   BANK22         

        CLASS   BANK23         

        CLASS   BANK24         

        CLASS   BANK25         

        CLASS   BANK26         

        CLASS   BANK27         

        CLASS   BANK28         

        CLASS   BANK29         

        CLASS   BANK30         

        CLASS   BANK31         

        CLASS   SFR            

        CLASS   BIGSFR         

        CLASS   CONFIG         
                config                           300000   300000        A         4

        CLASS   IDLOC          

        CLASS   EEDATA         

        CLASS   FARRAM         

        CLASS   HEAP           

        CLASS   STACK          



SEGMENTS        Name                           Load    Length   Top    Selector   Space  Class

                reset_vec                      000000  000004  000004         0       0  CODE    
                cstackCOMRAM                   000001  00005E  00005F         1       1  COMRAM  
                ivt0x8                         000008  000016  00001E         4       0  CODE    
                nvBANK0                        000060  00001C  00007C        60       1  BANK0   
                smallconst                     002000  000002  002002      1000       0  SMALLCON
                text37                         002002  00117E  003180      1001       0  CODE    


UNUSED ADDRESS RANGES

        Name                Unused          Largest block    Delta
        BANK0            00007C-0000FF               84
        BANK1            000100-0001FF              100
        BANK10           000A00-000AFF              100
        BANK11           000B00-000BFF              100
        BANK12           000C00-000CFF              100
        BANK13           000D00-000DFF              100
        BANK14           000E00-000EFF              100
        BANK15           000F00-000FFF              100
        BANK16           001000-0010FF              100
        BANK17           001100-0011FF              100
        BANK18           001200-0012FF              100
        BANK19           001300-0013FF              100
        BANK2            000200-0002FF              100
        BANK20           001400-0014FF              100
        BANK21           001500-0015FF              100
        BANK22           001600-0016FF              100
        BANK23           001700-0017FF              100
        BANK24           001800-0018FF              100
        BANK25           001900-0019FF              100
        BANK26           001A00-001AFF              100
        BANK27           001B00-001BFF              100
        BANK28           001C00-001CFF              100
        BANK29           001D00-001DFF              100
        BANK3            000300-0003FF              100
        BANK30           001E00-001EFF              100
        BANK31           001F00-001FFF              100
        BANK4            000400-0004FF              100
        BANK5            000500-0005FF              100
        BANK6            000600-0006FF              100
        BANK7            000700-0007FF              100
        BANK8            000800-0008FF              100
        BANK9            000900-0009FF              100
        BIGRAM           00005F-00005F                1
                         00007C-001FFF             1F84
        BIGSFR           003800-003FFF              800
        CODE             000004-000007                4
                         00001E-001FFF             1FE2
                         003180-01FFFF            1CE80
        COMRAM           00005F-00005F                1
        CONST            000004-000007                4
                         00001E-001FFF             1FE2
                         003180-01FFFF            1CE80
        EEDATA           310000-3103FF              400
        IDLOC            200000-20000F               10
        MEDIUMCONST      003180-00FFFF             CE80
                         012000-01FFFF             E000
        RAM              00007C-001FFF              100
        SFR              003800-003FFF              100
        SMALLCONST       003180-00FFFF              100
                         012000-01FFFF              100

                                  Symbol Table

?_ADC_ConversionResultGet                        cstackCOMRAM 000001
?___awdiv                                        cstackBANK0  000072
?___fldiv                                        cstackCOMRAM 000028
?___flmul                                        cstackCOMRAM 00000F
?___fltol                                        cstackCOMRAM 000041
?___xxtofl                                       cstackCOMRAM 000001
ADC_ChannelSelect@channel                        cstackBANK0  000072
ADC_CompleteConversionCallback@percentage        cstackCOMRAM 00004E
ADC_CompleteConversionCallback@with              cstackCOMRAM 00004C
ADC_ConversionDoneCallbackRegister@callback      cstackBANK0  000072
DAC1_SetOutput@inputData                         cstackCOMRAM 00004B
INT0_SetInterruptHandler@InterruptHandler        cstackBANK0  000072
INT1_SetInterruptHandler@InterruptHandler        cstackBANK0  000072
INT2_SetInterruptHandler@InterruptHandler        cstackBANK0  000072
IVTBASEH                                         (abs)        003FD6
IVTBASEL                                         (abs)        003FD5
IVTBASEU                                         (abs)        003FD7
PWM5_LoadDutyValue@dutyValue                     cstackCOMRAM 000001
SW1_SetInterruptHandler@InterruptHandler         cstackBANK0  000072
TMR0_PeriodMatchCallbackRegister@callbackHandler cstackBANK0  000072
TMR0_PeriodSet@periodValue                       cstackBANK0  00007A
_ADACCH                                          (abs)        003EE9
_ADACCL                                          (abs)        003EE8
_ADACCU                                          (abs)        003EEA
_ADACQH                                          (abs)        003EF4
_ADACQL                                          (abs)        003EF3
_ADACT                                           (abs)        003EFE
_ADCAP                                           (abs)        003EF5
_ADCLK                                           (abs)        003EFF
_ADCNT                                           (abs)        003EEB
_ADCON0                                          (abs)        003EF8
_ADCON0bits                                      (abs)        003EF8
_ADCON1                                          (abs)        003EF9
_ADCON1bits                                      (abs)        003EF9
_ADCON2                                          (abs)        003EFA
_ADCON2bits                                      (abs)        003EFA
_ADCON3                                          (abs)        003EFB
_ADCON3bits                                      (abs)        003EFB
_ADCP                                            (abs)        003ED7
_ADCPbits                                        (abs)        003ED7
_ADC_ChannelSelect                               text23       003140
_ADC_CompleteConversionCallback                  text34       00298E
_ADC_ConversionDoneCallback                      nvBANK0      000066
_ADC_ConversionDoneCallbackRegister              text22       00311A
_ADC_ConversionDoneInterruptEnable               text21       003166
_ADC_ConversionResultGet                         text41       0030AC
_ADC_ConversionStart                             text14       003160
_ADC_ISR                                         text33       002F74
_ADC_Initialize                                  text20       002DF8
_ADC_ThresholdCallback                           bssCOMRAM    000054
_ADC_ThresholdISR                                text32       003172
_ADERRH                                          (abs)        003EE3
_ADERRL                                          (abs)        003EE2
_ADFLTRH                                         (abs)        003EE7
_ADFLTRL                                         (abs)        003EE6
_ADLTHH                                          (abs)        003EDF
_ADLTHL                                          (abs)        003EDE
_ADPCH                                           (abs)        003EF1
_ADPREH                                          (abs)        003EF7
_ADPREL                                          (abs)        003EF6
_ADPREVH                                         (abs)        003EEE
_ADPREVL                                         (abs)        003EED
_ADREF                                           (abs)        003EFD
_ADRESH                                          (abs)        003EF0
_ADRESL                                          (abs)        003EEF
_ADRPT                                           (abs)        003EEC
_ADSTAT                                          (abs)        003EFC
_ADSTATbits                                      (abs)        003EFC
_ADSTPTH                                         (abs)        003EE5
_ADSTPTL                                         (abs)        003EE4
_ADUTHH                                          (abs)        003EE1
_ADUTHL                                          (abs)        003EE0
_ANSELA                                          (abs)        003A40
_ANSELB                                          (abs)        003A50
_ANSELC                                          (abs)        003A60
_Abs_LayerInit                                   text15       002E5C
_Abs_Loop                                        text10       002D88
_CCPTMRS1bits                                    (abs)        003F5F
_CLOCK_Initialize                                text9        0030C2
_DAC1CON0                                        (abs)        003E9E
_DAC1CON1                                        (abs)        003E9C
_DAC1_Initialize                                 text19       003134
_DAC1_SetOutput                                  text40       003156
_ExtISR_Handler                                  text30       00314C
_INLVLA                                          (abs)        003A44
_INLVLB                                          (abs)        003A54
_INLVLC                                          (abs)        003A64
_INLVLE                                          (abs)        003A84
_INT0_DefaultInterruptHandler                    (abs)        000000
_INT0_InterruptHandler                           nvCOMRAM     00005B
_INT0_SetInterruptHandler                        text8        0030F0
_INT1_DefaultInterruptHandler                    (abs)        000000
_INT1_InterruptHandler                           nvBANK0      00006F
_INT1_SetInterruptHandler                        text7        0030E2
_INT2_DefaultInterruptHandler                    (abs)        000000
_INT2_InterruptHandler                           nvBANK0      00006C
_INT2_SetInterruptHandler                        text6        0030D4
_INTCON0bits                                     (abs)        003FD2
_INTERRUPT_Initialize                            text5        002EBC
_INTERRUPT_InterruptManager                      text24       002C64
_IOCAF                                           (abs)        003A47
_IOCAN                                           (abs)        003A46
_IOCAP                                           (abs)        003A45
_IOCBF                                           (abs)        003A57
_IOCBFbits                                       (abs)        003A57
_IOCBN                                           (abs)        003A56
_IOCBP                                           (abs)        003A55
_IOCCF                                           (abs)        003A67
_IOCCN                                           (abs)        003A66
_IOCCP                                           (abs)        003A65
_IOCEF                                           (abs)        003A87
_IOCEN                                           (abs)        003A86
_IOCEP                                           (abs)        003A85
_LATA                                            (abs)        003FBA
_LATAbits                                        (abs)        003FBA
_LATB                                            (abs)        003FBB
_LATC                                            (abs)        003FBC
_ODCONA                                          (abs)        003A42
_ODCONB                                          (abs)        003A52
_ODCONC                                          (abs)        003A62
_OSCCON1                                         (abs)        0039D9
_OSCCON3                                         (abs)        0039DB
_OSCEN                                           (abs)        0039DD
_OSCFRQ                                          (abs)        0039DF
_OSCTUNE                                         (abs)        0039DE
_PIE0bits                                        (abs)        003990
_PIE1bits                                        (abs)        003991
_PIE3bits                                        (abs)        003993
_PIE4bits                                        (abs)        003994
_PIN_MANAGER_IOC                                 text28       003096
_PIN_MANAGER_Initialize                          text4        002D0C
_PIR0bits                                        (abs)        0039A0
_PIR1bits                                        (abs)        0039A1
_PIR3bits                                        (abs)        0039A3
_PIR4bits                                        (abs)        0039A4
_PIR5bits                                        (abs)        0039A5
_PIR7bits                                        (abs)        0039A7
_PORTBbits                                       (abs)        003FCB
_PORTCbits                                       (abs)        003FCC
_PWM5CON                                         (abs)        003F6E
_PWM5DCH                                         (abs)        003F6D
_PWM5DCL                                         (abs)        003F6C
_PWM5_Initialize                                 text18       003068
_PWM5_LoadDutyValue                              text39       002FAA
_RA5PPS                                          (abs)        003A05
_RB1I2C                                          (abs)        003A5A
_RB2I2C                                          (abs)        003A5B
_RC3I2C                                          (abs)        003A6A
_RC4I2C                                          (abs)        003A6B
_SLRCONA                                         (abs)        003A43
_SLRCONB                                         (abs)        003A53
_SLRCONC                                         (abs)        003A63
_SW1_DefaultInterruptHandler                     text31       00317E
_SW1_ISR                                         text29       002F3E
_SW1_InterruptHandler                            nvBANK0      000069
_SW1_SetInterruptHandler                         text17       00310C
_SYSTEM_Initialize                               text1        003028
_T0CON0                                          (abs)        003FB8
_T0CON0bits                                      (abs)        003FB8
_T0CON1                                          (abs)        003FB9
_T2CLKCON                                        (abs)        003FAE
_T2CON                                           (abs)        003FAC
_T2CONbits                                       (abs)        003FAC
_T2HLT                                           (abs)        003FAD
_T2HLTbits                                       (abs)        003FAD
_T2PR                                            (abs)        003FAB
_T2RST                                           (abs)        003FAF
_T2RSTbits                                       (abs)        003FAF
_T2TMR                                           (abs)        003FAA
_TIM0_EllapsedTimeCallback                       text26       00316C
_TMR0H                                           (abs)        003FB7
_TMR0L                                           (abs)        003FB6
_TMR0_DefaultCallback                            text27       00317C
_TMR0_ISR                                        text25       002F08
_TMR0_Initialize                                 text3        003004
_TMR0_PeriodGet                                  text13       003178
_TMR0_PeriodMatchCallback                        nvBANK0      000063
_TMR0_PeriodMatchCallbackRegister                text16       0030FE
_TMR0_PeriodSet                                  text12       003128
_TMR2_DefaultPeriodMatchCallback                 (abs)        000000
_TMR2_Initialize                                 text2        002FDE
_TMR2_PeriodMatchCallback                        nvBANK0      000060
_TRISA                                           (abs)        003FC2
_TRISB                                           (abs)        003FC3
_TRISC                                           (abs)        003FC4
_WPUA                                            (abs)        003A41
_WPUB                                            (abs)        003A51
_WPUC                                            (abs)        003A61
_WPUE                                            (abs)        003A81
__HRAM                                           (abs)        000000
__H__absolute__                                  __absolute__ 000000
__Habs1                                          abs1         000000
__Hbank0                                         bank0        000000
__Hbank1                                         bank1        000000
__Hbank10                                        bank10       000000
__Hbank11                                        bank11       000000
__Hbank12                                        bank12       000000
__Hbank13                                        bank13       000000
__Hbank14                                        bank14       000000
__Hbank15                                        bank15       000000
__Hbank16                                        bank16       000000
__Hbank17                                        bank17       000000
__Hbank18                                        bank18       000000
__Hbank19                                        bank19       000000
__Hbank2                                         bank2        000000
__Hbank20                                        bank20       000000
__Hbank21                                        bank21       000000
__Hbank22                                        bank22       000000
__Hbank23                                        bank23       000000
__Hbank24                                        bank24       000000
__Hbank25                                        bank25       000000
__Hbank26                                        bank26       000000
__Hbank27                                        bank27       000000
__Hbank28                                        bank28       000000
__Hbank29                                        bank29       000000
__Hbank3                                         bank3        000000
__Hbank30                                        bank30       000000
__Hbank31                                        bank31       000000
__Hbank4                                         bank4        000000
__Hbank5                                         bank5        000000
__Hbank6                                         bank6        000000
__Hbank7                                         bank7        000000
__Hbank8                                         bank8        000000
__Hbank9                                         bank9        000000
__Hbigbss                                        bigbss       000000
__Hbigdata                                       bigdata      000000
__Hbigram                                        bigram       000000
__Hbigsfr                                        bigsfr       000000
__Hbss                                           bss          000000
__HbssCOMRAM                                     bssCOMRAM    000000
__Hcinit                                         cinit        000000
__Hclrtext                                       clrtext      000000
__Hcomram                                        comram       000000
__Hconfig                                        config       30000A
__Hconst                                         const        000000
__HcstackBANK0                                   cstackBANK0  000000
__HcstackCOMRAM                                  cstackCOMRAM 000000
__Hdata                                          data         000000
__Heeprom_data                                   eeprom_data  000000
__Hfarbss                                        farbss       000000
__Hfardata                                       fardata      000000
__Hheap                                          heap         000000
__Hibigdata                                      ibigdata     000000
__Hidata                                         idata        000000
__Hidloc                                         idloc        000000
__Hifardata                                      ifardata     000000
__Hinit                                          init         00001E
__Hintsave_regs                                  intsave_regs 000000
__Hirdata                                        irdata       000000
__Hivt0x8                                        ivt0x8       00001A
__Hmediumconst                                   mediumconst  000000
__HnvBANK0                                       nvBANK0      000000
__HnvCOMRAM                                      nvCOMRAM     000000
__HnvFARRAM                                      nvFARRAM     000000
__Hnvbit                                         nvbit        000000
__Hnvrram                                        nvrram       000000
__Hparam                                         rparam       000000
__Hpowerup                                       powerup      000000
__Hram                                           ram          000000
__Hramtop                                        ramtop       002000
__Hrbit                                          rbit         000000
__Hrbss                                          rbss         000000
__Hrdata                                         rdata        000000
__Hreset_vec                                     reset_vec    000004
__Hrparam                                        rparam       000000
__Hsfr                                           sfr          000000
__Hsmallconst                                    smallconst   002002
__Hspace_0                                       (abs)        003180
__Hspace_1                                       (abs)        00007C
__Hspace_2                                       (abs)        000000
__Hspace_4                                       (abs)        60000A
__Hstack                                         stack        000000
__Hstruct                                        struct       000000
__Htemp                                          temp         000000
__Htext                                          text         000000
__Htext0                                         text0        000000
__Htext1                                         text1        000000
__Htext10                                        text10       000000
__Htext11                                        text11       000000
__Htext12                                        text12       000000
__Htext13                                        text13       000000
__Htext14                                        text14       000000
__Htext15                                        text15       000000
__Htext16                                        text16       000000
__Htext17                                        text17       000000
__Htext18                                        text18       000000
__Htext19                                        text19       000000
__Htext2                                         text2        000000
__Htext20                                        text20       000000
__Htext21                                        text21       000000
__Htext22                                        text22       000000
__Htext23                                        text23       000000
__Htext24                                        text24       000000
__Htext25                                        text25       000000
__Htext26                                        text26       000000
__Htext27                                        text27       000000
__Htext28                                        text28       000000
__Htext29                                        text29       000000
__Htext3                                         text3        000000
__Htext30                                        text30       000000
__Htext31                                        text31       000000
__Htext32                                        text32       000000
__Htext33                                        text33       000000
__Htext34                                        text34       000000
__Htext35                                        text35       000000
__Htext36                                        text36       000000
__Htext37                                        text37       000000
__Htext38                                        text38       000000
__Htext39                                        text39       000000
__Htext4                                         text4        000000
__Htext40                                        text40       000000
__Htext41                                        text41       000000
__Htext5                                         text5        000000
__Htext6                                         text6        000000
__Htext7                                         text7        000000
__Htext8                                         text8        000000
__Htext9                                         text9        000000
__LRAM                                           (abs)        000001
__L__absolute__                                  __absolute__ 000000
__Labs1                                          abs1         000000
__Lbank0                                         bank0        000000
__Lbank1                                         bank1        000000
__Lbank10                                        bank10       000000
__Lbank11                                        bank11       000000
__Lbank12                                        bank12       000000
__Lbank13                                        bank13       000000
__Lbank14                                        bank14       000000
__Lbank15                                        bank15       000000
__Lbank16                                        bank16       000000
__Lbank17                                        bank17       000000
__Lbank18                                        bank18       000000
__Lbank19                                        bank19       000000
__Lbank2                                         bank2        000000
__Lbank20                                        bank20       000000
__Lbank21                                        bank21       000000
__Lbank22                                        bank22       000000
__Lbank23                                        bank23       000000
__Lbank24                                        bank24       000000
__Lbank25                                        bank25       000000
__Lbank26                                        bank26       000000
__Lbank27                                        bank27       000000
__Lbank28                                        bank28       000000
__Lbank29                                        bank29       000000
__Lbank3                                         bank3        000000
__Lbank30                                        bank30       000000
__Lbank31                                        bank31       000000
__Lbank4                                         bank4        000000
__Lbank5                                         bank5        000000
__Lbank6                                         bank6        000000
__Lbank7                                         bank7        000000
__Lbank8                                         bank8        000000
__Lbank9                                         bank9        000000
__Lbigbss                                        bigbss       000000
__Lbigdata                                       bigdata      000000
__Lbigram                                        bigram       000000
__Lbigsfr                                        bigsfr       000000
__Lbss                                           bss          000000
__LbssCOMRAM                                     bssCOMRAM    000000
__Lcinit                                         cinit        000000
__Lclrtext                                       clrtext      000000
__Lcomram                                        comram       000000
__Lconfig                                        config       000000
__Lconst                                         const        000000
__LcstackBANK0                                   cstackBANK0  000000
__LcstackCOMRAM                                  cstackCOMRAM 000000
__Ldata                                          data         000000
__Leeprom_data                                   eeprom_data  000000
__Lfarbss                                        farbss       000000
__Lfardata                                       fardata      000000
__Lheap                                          heap         000000
__Libigdata                                      ibigdata     000000
__Lidata                                         idata        000000
__Lidloc                                         idloc        000000
__Lifardata                                      ifardata     000000
__Linit                                          init         00001A
__Lintsave_regs                                  intsave_regs 000000
__Lirdata                                        irdata       000000
__Livt0x8                                        ivt0x8       000008
__Lmediumconst                                   mediumconst  000000
__LnvBANK0                                       nvBANK0      000000
__LnvCOMRAM                                      nvCOMRAM     000000
__LnvFARRAM                                      nvFARRAM     000000
__Lnvbit                                         nvbit        000000
__Lnvrram                                        nvrram       000000
__Lparam                                         rparam       000000
__Lpowerup                                       powerup      000000
__Lram                                           ram          000000
__Lramtop                                        ramtop       002000
__Lrbit                                          rbit         000000
__Lrbss                                          rbss         000000
__Lrdata                                         rdata        000000
__Lreset_vec                                     reset_vec    000000
__Lrparam                                        rparam       000000
__Lsfr                                           sfr          000000
__Lsmallconst                                    smallconst   002000
__Lspace_0                                       (abs)        000000
__Lspace_1                                       (abs)        000000
__Lspace_2                                       (abs)        000000
__Lspace_4                                       (abs)        000000
__Lstack                                         stack        000000
__Lstruct                                        struct       000000
__Ltemp                                          temp         000000
__Ltext                                          text         000000
__Ltext0                                         text0        000000
__Ltext1                                         text1        000000
__Ltext10                                        text10       000000
__Ltext11                                        text11       000000
__Ltext12                                        text12       000000
__Ltext13                                        text13       000000
__Ltext14                                        text14       000000
__Ltext15                                        text15       000000
__Ltext16                                        text16       000000
__Ltext17                                        text17       000000
__Ltext18                                        text18       000000
__Ltext19                                        text19       000000
__Ltext2                                         text2        000000
__Ltext20                                        text20       000000
__Ltext21                                        text21       000000
__Ltext22                                        text22       000000
__Ltext23                                        text23       000000
__Ltext24                                        text24       000000
__Ltext25                                        text25       000000
__Ltext26                                        text26       000000
__Ltext27                                        text27       000000
__Ltext28                                        text28       000000
__Ltext29                                        text29       000000
__Ltext3                                         text3        000000
__Ltext30                                        text30       000000
__Ltext31                                        text31       000000
__Ltext32                                        text32       000000
__Ltext33                                        text33       000000
__Ltext34                                        text34       000000
__Ltext35                                        text35       000000
__Ltext36                                        text36       000000
__Ltext37                                        text37       000000
__Ltext38                                        text38       000000
__Ltext39                                        text39       000000
__Ltext4                                         text4        000000
__Ltext40                                        text40       000000
__Ltext41                                        text41       000000
__Ltext5                                         text5        000000
__Ltext6                                         text6        000000
__Ltext7                                         text7        000000
__Ltext8                                         text8        000000
__Ltext9                                         text9        000000
__S0                                             (abs)        003180
__S1                                             (abs)        00007C
__S4                                             (abs)        000000
__S5                                             (abs)        000000
___awdiv                                         text11       002BA2
___awdiv@counter                                 cstackBANK0  000076
___awdiv@dividend                                cstackBANK0  000072
___awdiv@divisor                                 cstackBANK0  000074
___awdiv@quotient                                cstackBANK0  000078
___awdiv@sign                                    cstackBANK0  000077
___fldiv                                         text38       00244C
___fldiv@a                                       cstackCOMRAM 00002C
___fldiv@aexp                                    cstackCOMRAM 000040
___fldiv@b                                       cstackCOMRAM 000028
___fldiv@bexp                                    cstackCOMRAM 00003F
___fldiv@grs                                     cstackCOMRAM 00003B
___fldiv@new_exp                                 cstackCOMRAM 000039
___fldiv@rem                                     cstackCOMRAM 000034
___fldiv@sign                                    cstackCOMRAM 000038
___flmul                                         text37       002002
___flmul@a                                       cstackCOMRAM 000013
___flmul@aexp                                    cstackCOMRAM 000020
___flmul@b                                       cstackCOMRAM 00000F
___flmul@bexp                                    cstackCOMRAM 000021
___flmul@grs                                     cstackCOMRAM 00001C
___flmul@prod                                    cstackCOMRAM 000022
___flmul@sign                                    cstackCOMRAM 00001B
___flmul@temp                                    cstackCOMRAM 000026
___fltol                                         text36       002A9C
___fltol@exp1                                    cstackCOMRAM 00004A
___fltol@f1                                      cstackCOMRAM 000041
___fltol@sign1                                   cstackCOMRAM 000049
___heap_hi                                       (abs)        000000
___heap_lo                                       (abs)        000000
___inthi_sp                                      stack        000000
___inthi_stack_hi                                stack        000000
___inthi_stack_lo                                stack        000000
___intlo_sp                                      stack        000000
___intlo_stack_hi                                stack        000000
___intlo_stack_lo                                stack        000000
___param_bank                                    (abs)        000000
___rparam_used                                   (abs)        000001
___sp                                            stack        000000
___stack_hi                                      stack        000000
___stack_lo                                      stack        000000
___xxtofl                                        text35       0027DA
___xxtofl@arg                                    cstackCOMRAM 00000B
___xxtofl@exp                                    cstackCOMRAM 00000A
___xxtofl@sign                                   cstackCOMRAM 000009
___xxtofl@val                                    cstackCOMRAM 000001
__accesstop                                      (abs)        000060
__activetblptr                                   (abs)        000003
__end_of_ADC_ChannelSelect                       text23       00314C
__end_of_ADC_CompleteConversionCallback          text34       002A9C
__end_of_ADC_ConversionDoneCallbackRegister      text22       003128
__end_of_ADC_ConversionDoneInterruptEnable       text21       00316C
__end_of_ADC_ConversionResultGet                 text41       0030C2
__end_of_ADC_ConversionStart                     text14       003166
__end_of_ADC_ISR                                 text33       002FAA
__end_of_ADC_Initialize                          text20       002E5C
__end_of_ADC_ThresholdISR                        text32       003178
__end_of_Abs_LayerInit                           text15       002EBC
__end_of_Abs_Loop                                text10       002DF8
__end_of_CLOCK_Initialize                        text9        0030D4
__end_of_DAC1_Initialize                         text19       003140
__end_of_DAC1_SetOutput                          text40       003160
__end_of_ExtISR_Handler                          text30       003156
__end_of_INT0_SetInterruptHandler                text8        0030FE
__end_of_INT1_SetInterruptHandler                text7        0030F0
__end_of_INT2_SetInterruptHandler                text6        0030E2
__end_of_INTERRUPT_Initialize                    text5        002F08
__end_of_INTERRUPT_InterruptManager              text24       002D0C
__end_of_PIN_MANAGER_IOC                         text28       0030AC
__end_of_PIN_MANAGER_Initialize                  text4        002D88
__end_of_PWM5_Initialize                         text18       003080
__end_of_PWM5_LoadDutyValue                      text39       002FDE
__end_of_SW1_DefaultInterruptHandler             text31       003180
__end_of_SW1_ISR                                 text29       002F74
__end_of_SW1_SetInterruptHandler                 text17       00311A
__end_of_SYSTEM_Initialize                       text1        00304A
__end_of_TIM0_EllapsedTimeCallback               text26       003172
__end_of_TMR0_DefaultCallback                    text27       00317E
__end_of_TMR0_ISR                                text25       002F3E
__end_of_TMR0_Initialize                         text3        003028
__end_of_TMR0_PeriodGet                          text13       00317C
__end_of_TMR0_PeriodMatchCallbackRegister        text16       00310C
__end_of_TMR0_PeriodSet                          text12       003134
__end_of_TMR2_Initialize                         text2        003004
__end_of___awdiv                                 text11       002C64
__end_of___fldiv                                 text38       0027DA
__end_of___flmul                                 text37       00244C
__end_of___fltol                                 text36       002BA2
__end_of___xxtofl                                text35       00298E
__end_of__initialization                         cinit        003062
__end_of_main                                    text0        003096
__initialization                                 cinit        00304A
__mediumconst                                    smallconst   002000
__pbssCOMRAM                                     bssCOMRAM    000054
__pcinit                                         cinit        00304A
__pcstackBANK0                                   cstackBANK0  000072
__pcstackCOMRAM                                  cstackCOMRAM 000001
__pivt0x8                                        ivt0x8       000008
__pnvBANK0                                       nvBANK0      000060
__pnvCOMRAM                                      nvCOMRAM     00005B
__psmallconst                                    smallconst   002000
__ptext0                                         text0        003080
__ptext1                                         text1        003028
__ptext10                                        text10       002D88
__ptext11                                        text11       002BA2
__ptext12                                        text12       003128
__ptext13                                        text13       003178
__ptext14                                        text14       003160
__ptext15                                        text15       002E5C
__ptext16                                        text16       0030FE
__ptext17                                        text17       00310C
__ptext18                                        text18       003068
__ptext19                                        text19       003134
__ptext2                                         text2        002FDE
__ptext20                                        text20       002DF8
__ptext21                                        text21       003166
__ptext22                                        text22       00311A
__ptext23                                        text23       003140
__ptext24                                        text24       002C64
__ptext25                                        text25       002F08
__ptext26                                        text26       00316C
__ptext27                                        text27       00317C
__ptext28                                        text28       003096
__ptext29                                        text29       002F3E
__ptext3                                         text3        003004
__ptext30                                        text30       00314C
__ptext31                                        text31       00317E
__ptext32                                        text32       003172
__ptext33                                        text33       002F74
__ptext34                                        text34       00298E
__ptext35                                        text35       0027DA
__ptext36                                        text36       002A9C
__ptext37                                        text37       002002
__ptext38                                        text38       00244C
__ptext39                                        text39       002FAA
__ptext4                                         text4        002D0C
__ptext40                                        text40       003156
__ptext41                                        text41       0030AC
__ptext5                                         text5        002EBC
__ptext6                                         text6        0030D4
__ptext7                                         text7        0030E2
__ptext8                                         text8        0030F0
__ptext9                                         text9        0030C2
__ramtop                                         ramtop       002000
__smallconst                                     smallconst   002000
_abs_button                                      nvCOMRAM     00005E
_adc_busy_status                                 bssCOMRAM    00005A
_adc_value                                       bssCOMRAM    000057
_main                                            text0        003080
_period_elapsed                                  bssCOMRAM    000059
end_of_initialization                            cinit        003062
intlevel0                                        text         000000
intlevel1                                        text         000000
intlevel2                                        text         000000
intlevel3                                        text         000000
isa$std                                          (abs)        000001
isa$xinst                                        (abs)        000000
ivt0x8_base                                      ivt0x8       000008
stackhi                                          (abs)        000000
stacklo                                          (abs)        000000
start                                            init         00001A
start_initialization                             cinit        00304A


MODULE INFORMATION

Module		Function		Class		Link	Load	Size
AbsLayer.c
		_TIM0_EllapsedTimeCallback		CODE           	316C	0000	6
		_Abs_Loop      		CODE           	2D88	0000	112
		_ExtISR_Handler		CODE           	314C	0000	10
		_Abs_LayerInit 		CODE           	2E5C	0000	96
		_ADC_CompleteConversionCallback		CODE           	298E	0000	270

AbsLayer.c estimated size: 494

mcc_generated_files/system/src/interrupt.c
		_INT0_SetInterruptHandler		CODE           	30F0	0000	14
		_INT1_SetInterruptHandler		CODE           	30E2	0000	14
		_INT2_SetInterruptHandler		CODE           	30D4	0000	14
		_INTERRUPT_Initialize		CODE           	2EBC	0000	76
		_INTERRUPT_InterruptManager		CODE           	2C64	0000	168

mcc_generated_files/system/src/interrupt.c estimated size: 286

mcc_generated_files/adc/src/adc.c
		_ADC_ConversionDoneInterruptEnable		CODE           	3166	0000	6
		_ADC_Initialize		CODE           	2DF8	0000	100
		_ADC_ConversionDoneCallbackRegister		CODE           	311A	0000	14
		_ADC_ConversionStart		CODE           	3160	0000	6
		_ADC_ChannelSelect		CODE           	3140	0000	12
		_ADC_ISR       		CODE           	2F74	0000	54
		_ADC_ThresholdISR		CODE           	3172	0000	6
		_ADC_ConversionResultGet		CODE           	30AC	0000	22

mcc_generated_files/adc/src/adc.c estimated size: 220

C:\Program Files\Microchip\xc8\v3.10\pic\sources\c99\common\awdiv.c
		___awdiv       		CODE           	2BA2	0000	194

C:\Program Files\Microchip\xc8\v3.10\pic\sources\c99\common\awdiv.c estimated size: 194

C:\Program Files\Microchip\xc8\v3.10\pic\sources\c99\common\fltol.c
		___fltol       		CODE           	2A9C	0000	262

C:\Program Files\Microchip\xc8\v3.10\pic\sources\c99\common\fltol.c estimated size: 262

mcc_generated_files/pwm/src/pwm5.c
		_PWM5_LoadDutyValue		CODE           	2FAA	0000	52
		_PWM5_Initialize		CODE           	3068	0000	24

mcc_generated_files/pwm/src/pwm5.c estimated size: 76

C:\Program Files\Microchip\xc8\v3.10\pic\sources\c99\common\sprcmul.c
		___flmul       		CODE           	2002	0000	1098

C:\Program Files\Microchip\xc8\v3.10\pic\sources\c99\common\sprcmul.c estimated size: 1098

mcc_generated_files/system/src/pins.c
		_PIN_MANAGER_Initialize		CODE           	2D0C	0000	124
		_SW1_SetInterruptHandler		CODE           	310C	0000	14
		_SW1_ISR       		CODE           	2F3E	0000	54
		_PIN_MANAGER_IOC		CODE           	3096	0000	22
		_SW1_DefaultInterruptHandler		CODE           	317E	0000	2

mcc_generated_files/system/src/pins.c estimated size: 216

C:\Program Files\Microchip\xc8\v3.10\pic\sources\c99\common\xxtofl.c
		___xxtofl      		CODE           	27DA	0000	436

C:\Program Files\Microchip\xc8\v3.10\pic\sources\c99\common\xxtofl.c estimated size: 436

C:\Program Files\Microchip\xc8\v3.10\pic\sources\c99\common\sprcdiv.c
		___fldiv       		CODE           	244C	0000	910

C:\Program Files\Microchip\xc8\v3.10\pic\sources\c99\common\sprcdiv.c estimated size: 910

mcc_generated_files/dac/src/dac1.c
		_DAC1_SetOutput		CODE           	3156	0000	10
		_DAC1_Initialize		CODE           	3134	0000	12

mcc_generated_files/dac/src/dac1.c estimated size: 22

shared
		__initialization		CODE           	304A	0000	24

shared estimated size: 24

mcc_generated_files/timer/src/tmr2.c
		_TMR2_Initialize		CODE           	2FDE	0000	38

mcc_generated_files/timer/src/tmr2.c estimated size: 38

mcc_generated_files/system/src/clock.c
		_CLOCK_Initialize		CODE           	30C2	0000	18

mcc_generated_files/system/src/clock.c estimated size: 18

mcc_generated_files/timer/src/tmr0.c
		_TMR0_DefaultCallback		CODE           	317C	0000	2
		_TMR0_ISR      		CODE           	2F08	0000	54
		_TMR0_PeriodGet		CODE           	3178	0000	4
		_TMR0_PeriodSet		CODE           	3128	0000	12
		_TMR0_Initialize		CODE           	3004	0000	36
		_TMR0_PeriodMatchCallbackRegister		CODE           	30FE	0000	14

mcc_generated_files/timer/src/tmr0.c estimated size: 122

main.c
		_main          		CODE           	3080	0000	22

main.c estimated size: 22

mcc_generated_files/system/src/system.c
		_SYSTEM_Initialize		CODE           	3028	0000	34

mcc_generated_files/system/src/system.c estimated size: 34

