Microchip MPLAB XC8 Compiler V3.10

Linker command line:

-W-3 \
  --edf=C:\Program Files\Microchip\xc8\v3.10\pic\dat\20250813170317_en.msgs \
  -pivt0x8=08h -cn -h+dist/default/production\Test.X.production.sym \
  --cmf=dist/default/production\Test.X.production.cmf -z -Q18F27K42 \
  -oC:\Users\ppeixoto\AppData\Local\Temp\xcAsnvs.0\driver_tmp_3.o \
  --defsym=__MPLAB_BUILD=1 --fixupoverflow=error \
  -Mdist/default/production/Test.X.production.map \
  --md=C:\Users\ppeixoto\AppData\Local\Temp\xcAsnvs.0\driver_tmp_0.dat -E1 \
  -ver=XC8 Compiler -ACODE=00h-01FFFFh -ACONST=00h-01FFFFh \
  -ASMALLCONST=02000h-020FFhx224,012000h-0120FFhx224 \
  -AMEDIUMCONST=02000h-0FFFFh,012000h-01FFFFh -ACOMRAM=01h-05Fh \
  -AABS1=00h-01FFFh -ABIGRAM=01h-01FFFh -ARAM=060h-0FFh,0100h-01FFhx31 \
  -ABANK0=060h-0FFh -ABANK1=0100h-01FFh -ABANK2=0200h-02FFh \
  -ABANK3=0300h-03FFh -ABANK4=0400h-04FFh -ABANK5=0500h-05FFh \
  -ABANK6=0600h-06FFh -ABANK7=0700h-07FFh -ABANK8=0800h-08FFh \
  -ABANK9=0900h-09FFh -ABANK10=0A00h-0AFFh -ABANK11=0B00h-0BFFh \
  -ABANK12=0C00h-0CFFh -ABANK13=0D00h-0DFFh -ABANK14=0E00h-0EFFh \
  -ABANK15=0F00h-0FFFh -ABANK16=01000h-010FFh -ABANK17=01100h-011FFh \
  -ABANK18=01200h-012FFh -ABANK19=01300h-013FFh -ABANK20=01400h-014FFh \
  -ABANK21=01500h-015FFh -ABANK22=01600h-016FFh -ABANK23=01700h-017FFh \
  -ABANK24=01800h-018FFh -ABANK25=01900h-019FFh -ABANK26=01A00h-01AFFh \
  -ABANK27=01B00h-01BFFh -ABANK28=01C00h-01CFFh -ABANK29=01D00h-01DFFh \
  -ABANK30=01E00h-01EFFh -ABANK31=01F00h-01FFFh \
  -ASFR=03800h-038FFhx7,03F00h-03F5Fh,03F60h-03FFFh -ABIGSFR=03800h-03FFFh \
  -ACONFIG=0300000h-0300009h -AIDLOC=0200000h-020000Fh \
  -AEEDATA=0310000h-03103FFh -peeprom_data=EEDATA -preset_vec=00h \
  -ppowerup=CODE,init -pramtop=02000h -psmallconst=SMALLCONST \
  -pmediumconst=MEDIUMCONST -pconst=CONST -AFARRAM=00h-00h \
  -prdata=COMRAM,nvrram=COMRAM,nvbit=COMRAM,rbss=COMRAM,rbit=COMRAM \
  -pfarbss=FARRAM,fardata=FARRAM,nvFARRAM=FARRAM \
  -pintsave_regs=BIGRAM,bigbss=BIGRAM,bigdata=BIGRAM -pbss=RAM \
  -pidata=CODE,irdata=CODE,ibigdata=CODE,ifardata=CODE -prparam=COMRAM \
  C:\Users\ppeixoto\AppData\Local\Temp\xcAsnvs.0\driver_tmp_9.o \
  dist/default/production\Test.X.production.o 

Object code version is 3.11

Machine type is 18F27K42



                Name                               Link     Load   Length Selector   Space Scale
C:\Users\ppeixoto\AppData\Local\Temp\xcAsnvs.0\driver_tmp_9.o
                config                           300000   300000        A        0       4
                init                                 1A       1A        4        4       0
                reset_vec                             0        0        4        0       0
dist/default/production\Test.X.production.o
                config                           300000   300000        A        0       4
                smallconst                         2000     2000        2     1000       0
                ivt0x8                                8        8       12        4       0
                text32                             2466     2466       16     1001       0
                text31                             24E2     24E2        E     1001       0
                text30                             23B0     23B0       34     1001       0
                text29                             2520     2520        6     1001       0
                text28                             252C     252C        2     1001       0
                text27                             2504     2504        A     1001       0
                text26                             237C     237C       34     1001       0
                text25                             2450     2450       16     1001       0
                text24                             252A     252A        2     1001       0
                text23                             251A     251A        6     1001       0
                text22                             2348     2348       34     1001       0
                text21                             20C2     20C2       A8     1001       0
                text20                             24FA     24FA        A     1001       0
                text19                             24D4     24D4        E     1001       0
                text18                             2514     2514        6     1001       0
                text17                             224E     224E       62     1001       0
                text16                             24C6     24C6        E     1001       0
                text15                             24B8     24B8        E     1001       0
                text14                             22B0     22B0       52     1001       0
                text13                             250E     250E        6     1001       0
                text12                             2526     2526        4     1001       0
                text11                             24F0     24F0        A     1001       0
                text10                             2002     2002       C0     1001       0
                text9                              21E4     21E4       6A     1001       0
                text8                              247C     247C       12     1001       0
                text7                              24AA     24AA        E     1001       0
                text6                              249C     249C        E     1001       0
                text5                              248E     248E        E     1001       0
                text4                              2302     2302       46     1001       0
                text3                              216A     216A       7A     1001       0
                text2                              23E4     23E4       22     1001       0
                text1                              243A     243A       16     1001       0
                text0                              2424     2424       16     1001       0
                cstackCOMRAM                         14       14       10        1       1
                bssCOMRAM                            24       24        7        1       1
                cinit                              2406     2406       1E     1001       0
                nvCOMRAM                              1        1       13        1       1

TOTAL           Name                               Link     Load   Length     Space
        CLASS   CODE           
                init                                 1A       1A        4         0
                reset_vec                             0        0        4         0
                ivt0x8                                8        8       12         0
                text32                             2466     2466       16         0
                text31                             24E2     24E2        E         0
                text30                             23B0     23B0       34         0
                text29                             2520     2520        6         0
                text28                             252C     252C        2         0
                text27                             2504     2504        A         0
                text26                             237C     237C       34         0
                text25                             2450     2450       16         0
                text24                             252A     252A        2         0
                text23                             251A     251A        6         0
                text22                             2348     2348       34         0
                text21                             20C2     20C2       A8         0
                text20                             24FA     24FA        A         0
                text19                             24D4     24D4        E         0
                text18                             2514     2514        6         0
                text17                             224E     224E       62         0
                text16                             24C6     24C6        E         0
                text15                             24B8     24B8        E         0
                text14                             22B0     22B0       52         0
                text13                             250E     250E        6         0
                text12                             2526     2526        4         0
                text11                             24F0     24F0        A         0
                text10                             2002     2002       C0         0
                text9                              21E4     21E4       6A         0
                text8                              247C     247C       12         0
                text7                              24AA     24AA        E         0
                text6                              249C     249C        E         0
                text5                              248E     248E        E         0
                text4                              2302     2302       46         0
                text3                              216A     216A       7A         0
                text2                              23E4     23E4       22         0
                text1                              243A     243A       16         0
                text0                              2424     2424       16         0
                cinit                              2406     2406       1E         0

        CLASS   CONST          

        CLASS   SMALLCONST     
                smallconst                         2000     2000        2         0

        CLASS   MEDIUMCONST    

        CLASS   COMRAM         
                cstackCOMRAM                         14       14       10         1
                bssCOMRAM                            24       24        7         1
                nvCOMRAM                              1        1       13         1

        CLASS   ABS1           

        CLASS   BIGRAM         

        CLASS   RAM            

        CLASS   BANK0          

        CLASS   BANK1          

        CLASS   BANK2          

        CLASS   BANK3          

        CLASS   BANK4          

        CLASS   BANK5          

        CLASS   BANK6          

        CLASS   BANK7          

        CLASS   BANK8          

        CLASS   BANK9          

        CLASS   BANK10         

        CLASS   BANK11         

        CLASS   BANK12         

        CLASS   BANK13         

        CLASS   BANK14         

        CLASS   BANK15         

        CLASS   BANK16         

        CLASS   BANK17         

        CLASS   BANK18         

        CLASS   BANK19         

        CLASS   BANK20         

        CLASS   BANK21         

        CLASS   BANK22         

        CLASS   BANK23         

        CLASS   BANK24         

        CLASS   BANK25         

        CLASS   BANK26         

        CLASS   BANK27         

        CLASS   BANK28         

        CLASS   BANK29         

        CLASS   BANK30         

        CLASS   BANK31         

        CLASS   SFR            

        CLASS   BIGSFR         

        CLASS   CONFIG         
                config                           300000   300000        A         4

        CLASS   IDLOC          

        CLASS   EEDATA         

        CLASS   FARRAM         

        CLASS   HEAP           

        CLASS   STACK          



SEGMENTS        Name                           Load    Length   Top    Selector   Space  Class

                reset_vec                      000000  000004  000004         0       0  CODE    
                nvCOMRAM                       000001  00002A  00002B         1       1  COMRAM  
                ivt0x8                         000008  000016  00001E         4       0  CODE    
                smallconst                     002000  000002  002002      1000       0  SMALLCON
                text10                         002002  00052C  00252E      1001       0  CODE    


UNUSED ADDRESS RANGES

        Name                Unused          Largest block    Delta
        BANK0            000060-0000FF               A0
        BANK1            000100-0001FF              100
        BANK10           000A00-000AFF              100
        BANK11           000B00-000BFF              100
        BANK12           000C00-000CFF              100
        BANK13           000D00-000DFF              100
        BANK14           000E00-000EFF              100
        BANK15           000F00-000FFF              100
        BANK16           001000-0010FF              100
        BANK17           001100-0011FF              100
        BANK18           001200-0012FF              100
        BANK19           001300-0013FF              100
        BANK2            000200-0002FF              100
        BANK20           001400-0014FF              100
        BANK21           001500-0015FF              100
        BANK22           001600-0016FF              100
        BANK23           001700-0017FF              100
        BANK24           001800-0018FF              100
        BANK25           001900-0019FF              100
        BANK26           001A00-001AFF              100
        BANK27           001B00-001BFF              100
        BANK28           001C00-001CFF              100
        BANK29           001D00-001DFF              100
        BANK3            000300-0003FF              100
        BANK30           001E00-001EFF              100
        BANK31           001F00-001FFF              100
        BANK4            000400-0004FF              100
        BANK5            000500-0005FF              100
        BANK6            000600-0006FF              100
        BANK7            000700-0007FF              100
        BANK8            000800-0008FF              100
        BANK9            000900-0009FF              100
        BIGRAM           00002B-001FFF             1FD5
        BIGSFR           003800-003FFF              800
        CODE             000004-000007                4
                         00001E-001FFF             1FE2
                         00252E-01FFFF            1DAD2
        COMRAM           00002B-00005F               35
        CONST            000004-000007                4
                         00001E-001FFF             1FE2
                         00252E-01FFFF            1DAD2
        EEDATA           310000-3103FF              400
        IDLOC            200000-20000F               10
        MEDIUMCONST      00252E-00FFFF             DAD2
                         012000-01FFFF             E000
        RAM              000060-001FFF              100
        SFR              003800-003FFF              100
        SMALLCONST       00252E-00FFFF              100
                         012000-01FFFF              100

                                  Symbol Table

?_ADC_ConversionResultGet                        cstackCOMRAM 000014
?___awdiv                                        cstackCOMRAM 00001A
ADC_ChannelSelect@channel                        cstackCOMRAM 00001A
ADC_ConversionDoneCallbackRegister@callback      cstackCOMRAM 00001A
INT0_SetInterruptHandler@InterruptHandler        cstackCOMRAM 00001A
INT1_SetInterruptHandler@InterruptHandler        cstackCOMRAM 00001A
INT2_SetInterruptHandler@InterruptHandler        cstackCOMRAM 00001A
IVTBASEH                                         (abs)        003FD6
IVTBASEL                                         (abs)        003FD5
IVTBASEU                                         (abs)        003FD7
SW1_SetInterruptHandler@InterruptHandler         cstackCOMRAM 00001A
TMR0_PeriodMatchCallbackRegister@callbackHandler cstackCOMRAM 00001A
TMR0_PeriodSet@periodValue                       cstackCOMRAM 000022
_ADACCH                                          (abs)        003EE9
_ADACCL                                          (abs)        003EE8
_ADACCU                                          (abs)        003EEA
_ADACQH                                          (abs)        003EF4
_ADACQL                                          (abs)        003EF3
_ADACT                                           (abs)        003EFE
_ADCAP                                           (abs)        003EF5
_ADCLK                                           (abs)        003EFF
_ADCNT                                           (abs)        003EEB
_ADCON0                                          (abs)        003EF8
_ADCON0bits                                      (abs)        003EF8
_ADCON1                                          (abs)        003EF9
_ADCON1bits                                      (abs)        003EF9
_ADCON2                                          (abs)        003EFA
_ADCON2bits                                      (abs)        003EFA
_ADCON3                                          (abs)        003EFB
_ADCON3bits                                      (abs)        003EFB
_ADCP                                            (abs)        003ED7
_ADCPbits                                        (abs)        003ED7
_ADC_ChannelSelect                               text20       0024FA
_ADC_CompleteConversionCallback                  text31       0024E2
_ADC_ConversionDoneCallback                      nvCOMRAM     000004
_ADC_ConversionDoneCallbackRegister              text19       0024D4
_ADC_ConversionDoneInterruptEnable               text18       002514
_ADC_ConversionResultGet                         text32       002466
_ADC_ConversionStart                             text13       00250E
_ADC_ISR                                         text30       0023B0
_ADC_Initialize                                  text17       00224E
_ADC_ThresholdCallback                           bssCOMRAM    000024
_ADC_ThresholdISR                                text29       002520
_ADERRH                                          (abs)        003EE3
_ADERRL                                          (abs)        003EE2
_ADFLTRH                                         (abs)        003EE7
_ADFLTRL                                         (abs)        003EE6
_ADLTHH                                          (abs)        003EDF
_ADLTHL                                          (abs)        003EDE
_ADPCH                                           (abs)        003EF1
_ADPREH                                          (abs)        003EF7
_ADPREL                                          (abs)        003EF6
_ADPREVH                                         (abs)        003EEE
_ADPREVL                                         (abs)        003EED
_ADREF                                           (abs)        003EFD
_ADRESH                                          (abs)        003EF0
_ADRESL                                          (abs)        003EEF
_ADRPT                                           (abs)        003EEC
_ADSTAT                                          (abs)        003EFC
_ADSTATbits                                      (abs)        003EFC
_ADSTPTH                                         (abs)        003EE5
_ADSTPTL                                         (abs)        003EE4
_ADUTHH                                          (abs)        003EE1
_ADUTHL                                          (abs)        003EE0
_ANSELA                                          (abs)        003A40
_ANSELB                                          (abs)        003A50
_ANSELC                                          (abs)        003A60
_Abs_LayerInit                                   text14       0022B0
_Abs_Loop                                        text9        0021E4
_CLOCK_Initialize                                text8        00247C
_ExtISR_Handler                                  text27       002504
_INLVLA                                          (abs)        003A44
_INLVLB                                          (abs)        003A54
_INLVLC                                          (abs)        003A64
_INLVLE                                          (abs)        003A84
_INT0_DefaultInterruptHandler                    (abs)        000000
_INT0_InterruptHandler                           nvCOMRAM     000010
_INT0_SetInterruptHandler                        text7        0024AA
_INT1_DefaultInterruptHandler                    (abs)        000000
_INT1_InterruptHandler                           nvCOMRAM     00000D
_INT1_SetInterruptHandler                        text6        00249C
_INT2_DefaultInterruptHandler                    (abs)        000000
_INT2_InterruptHandler                           nvCOMRAM     00000A
_INT2_SetInterruptHandler                        text5        00248E
_INTCON0bits                                     (abs)        003FD2
_INTERRUPT_Initialize                            text4        002302
_INTERRUPT_InterruptManager                      text21       0020C2
_IOCAF                                           (abs)        003A47
_IOCAN                                           (abs)        003A46
_IOCAP                                           (abs)        003A45
_IOCBF                                           (abs)        003A57
_IOCBFbits                                       (abs)        003A57
_IOCBN                                           (abs)        003A56
_IOCBP                                           (abs)        003A55
_IOCCF                                           (abs)        003A67
_IOCCN                                           (abs)        003A66
_IOCCP                                           (abs)        003A65
_IOCEF                                           (abs)        003A87
_IOCEN                                           (abs)        003A86
_IOCEP                                           (abs)        003A85
_LATA                                            (abs)        003FBA
_LATAbits                                        (abs)        003FBA
_LATB                                            (abs)        003FBB
_LATC                                            (abs)        003FBC
_ODCONA                                          (abs)        003A42
_ODCONB                                          (abs)        003A52
_ODCONC                                          (abs)        003A62
_OSCCON1                                         (abs)        0039D9
_OSCCON3                                         (abs)        0039DB
_OSCEN                                           (abs)        0039DD
_OSCFRQ                                          (abs)        0039DF
_OSCTUNE                                         (abs)        0039DE
_PIE0bits                                        (abs)        003990
_PIE1bits                                        (abs)        003991
_PIE3bits                                        (abs)        003993
_PIN_MANAGER_IOC                                 text25       002450
_PIN_MANAGER_Initialize                          text3        00216A
_PIR0bits                                        (abs)        0039A0
_PIR1bits                                        (abs)        0039A1
_PIR3bits                                        (abs)        0039A3
_PIR5bits                                        (abs)        0039A5
_PIR7bits                                        (abs)        0039A7
_PORTBbits                                       (abs)        003FCB
_PORTCbits                                       (abs)        003FCC
_RA5PPS                                          (abs)        003A05
_RB1I2C                                          (abs)        003A5A
_RB2I2C                                          (abs)        003A5B
_RC3I2C                                          (abs)        003A6A
_RC4I2C                                          (abs)        003A6B
_SLRCONA                                         (abs)        003A43
_SLRCONB                                         (abs)        003A53
_SLRCONC                                         (abs)        003A63
_SW1_DefaultInterruptHandler                     text28       00252C
_SW1_ISR                                         text26       00237C
_SW1_InterruptHandler                            nvCOMRAM     000007
_SW1_SetInterruptHandler                         text16       0024C6
_SYSTEM_Initialize                               text1        00243A
_T0CON0                                          (abs)        003FB8
_T0CON0bits                                      (abs)        003FB8
_T0CON1                                          (abs)        003FB9
_TIM0_EllapsedTimeCallback                       text23       00251A
_TMR0H                                           (abs)        003FB7
_TMR0L                                           (abs)        003FB6
_TMR0_DefaultCallback                            text24       00252A
_TMR0_ISR                                        text22       002348
_TMR0_Initialize                                 text2        0023E4
_TMR0_PeriodGet                                  text12       002526
_TMR0_PeriodMatchCallback                        nvCOMRAM     000001
_TMR0_PeriodMatchCallbackRegister                text15       0024B8
_TMR0_PeriodSet                                  text11       0024F0
_TRISA                                           (abs)        003FC2
_TRISB                                           (abs)        003FC3
_TRISC                                           (abs)        003FC4
_WPUA                                            (abs)        003A41
_WPUB                                            (abs)        003A51
_WPUC                                            (abs)        003A61
_WPUE                                            (abs)        003A81
__HRAM                                           (abs)        000000
__H__absolute__                                  __absolute__ 000000
__Habs1                                          abs1         000000
__Hbank0                                         bank0        000000
__Hbank1                                         bank1        000000
__Hbank10                                        bank10       000000
__Hbank11                                        bank11       000000
__Hbank12                                        bank12       000000
__Hbank13                                        bank13       000000
__Hbank14                                        bank14       000000
__Hbank15                                        bank15       000000
__Hbank16                                        bank16       000000
__Hbank17                                        bank17       000000
__Hbank18                                        bank18       000000
__Hbank19                                        bank19       000000
__Hbank2                                         bank2        000000
__Hbank20                                        bank20       000000
__Hbank21                                        bank21       000000
__Hbank22                                        bank22       000000
__Hbank23                                        bank23       000000
__Hbank24                                        bank24       000000
__Hbank25                                        bank25       000000
__Hbank26                                        bank26       000000
__Hbank27                                        bank27       000000
__Hbank28                                        bank28       000000
__Hbank29                                        bank29       000000
__Hbank3                                         bank3        000000
__Hbank30                                        bank30       000000
__Hbank31                                        bank31       000000
__Hbank4                                         bank4        000000
__Hbank5                                         bank5        000000
__Hbank6                                         bank6        000000
__Hbank7                                         bank7        000000
__Hbank8                                         bank8        000000
__Hbank9                                         bank9        000000
__Hbigbss                                        bigbss       000000
__Hbigdata                                       bigdata      000000
__Hbigram                                        bigram       000000
__Hbigsfr                                        bigsfr       000000
__Hbss                                           bss          000000
__HbssCOMRAM                                     bssCOMRAM    000000
__Hcinit                                         cinit        000000
__Hclrtext                                       clrtext      000000
__Hcomram                                        comram       000000
__Hconfig                                        config       30000A
__Hconst                                         const        000000
__HcstackCOMRAM                                  cstackCOMRAM 000000
__Hdata                                          data         000000
__Heeprom_data                                   eeprom_data  000000
__Hfarbss                                        farbss       000000
__Hfardata                                       fardata      000000
__Hheap                                          heap         000000
__Hibigdata                                      ibigdata     000000
__Hidata                                         idata        000000
__Hidloc                                         idloc        000000
__Hifardata                                      ifardata     000000
__Hinit                                          init         00001E
__Hintsave_regs                                  intsave_regs 000000
__Hirdata                                        irdata       000000
__Hivt0x8                                        ivt0x8       00001A
__Hmediumconst                                   mediumconst  000000
__HnvCOMRAM                                      nvCOMRAM     000000
__HnvFARRAM                                      nvFARRAM     000000
__Hnvbit                                         nvbit        000000
__Hnvrram                                        nvrram       000000
__Hparam                                         rparam       000000
__Hpowerup                                       powerup      000000
__Hram                                           ram          000000
__Hramtop                                        ramtop       002000
__Hrbit                                          rbit         000000
__Hrbss                                          rbss         000000
__Hrdata                                         rdata        000000
__Hreset_vec                                     reset_vec    000004
__Hrparam                                        rparam       000000
__Hsfr                                           sfr          000000
__Hsmallconst                                    smallconst   002002
__Hspace_0                                       (abs)        00252E
__Hspace_1                                       (abs)        00002B
__Hspace_2                                       (abs)        000000
__Hspace_4                                       (abs)        60000A
__Hstack                                         stack        000000
__Hstruct                                        struct       000000
__Htemp                                          temp         000000
__Htext                                          text         000000
__Htext0                                         text0        000000
__Htext1                                         text1        000000
__Htext10                                        text10       000000
__Htext11                                        text11       000000
__Htext12                                        text12       000000
__Htext13                                        text13       000000
__Htext14                                        text14       000000
__Htext15                                        text15       000000
__Htext16                                        text16       000000
__Htext17                                        text17       000000
__Htext18                                        text18       000000
__Htext19                                        text19       000000
__Htext2                                         text2        000000
__Htext20                                        text20       000000
__Htext21                                        text21       000000
__Htext22                                        text22       000000
__Htext23                                        text23       000000
__Htext24                                        text24       000000
__Htext25                                        text25       000000
__Htext26                                        text26       000000
__Htext27                                        text27       000000
__Htext28                                        text28       000000
__Htext29                                        text29       000000
__Htext3                                         text3        000000
__Htext30                                        text30       000000
__Htext31                                        text31       000000
__Htext32                                        text32       000000
__Htext4                                         text4        000000
__Htext5                                         text5        000000
__Htext6                                         text6        000000
__Htext7                                         text7        000000
__Htext8                                         text8        000000
__Htext9                                         text9        000000
__LRAM                                           (abs)        000001
__L__absolute__                                  __absolute__ 000000
__Labs1                                          abs1         000000
__Lbank0                                         bank0        000000
__Lbank1                                         bank1        000000
__Lbank10                                        bank10       000000
__Lbank11                                        bank11       000000
__Lbank12                                        bank12       000000
__Lbank13                                        bank13       000000
__Lbank14                                        bank14       000000
__Lbank15                                        bank15       000000
__Lbank16                                        bank16       000000
__Lbank17                                        bank17       000000
__Lbank18                                        bank18       000000
__Lbank19                                        bank19       000000
__Lbank2                                         bank2        000000
__Lbank20                                        bank20       000000
__Lbank21                                        bank21       000000
__Lbank22                                        bank22       000000
__Lbank23                                        bank23       000000
__Lbank24                                        bank24       000000
__Lbank25                                        bank25       000000
__Lbank26                                        bank26       000000
__Lbank27                                        bank27       000000
__Lbank28                                        bank28       000000
__Lbank29                                        bank29       000000
__Lbank3                                         bank3        000000
__Lbank30                                        bank30       000000
__Lbank31                                        bank31       000000
__Lbank4                                         bank4        000000
__Lbank5                                         bank5        000000
__Lbank6                                         bank6        000000
__Lbank7                                         bank7        000000
__Lbank8                                         bank8        000000
__Lbank9                                         bank9        000000
__Lbigbss                                        bigbss       000000
__Lbigdata                                       bigdata      000000
__Lbigram                                        bigram       000000
__Lbigsfr                                        bigsfr       000000
__Lbss                                           bss          000000
__LbssCOMRAM                                     bssCOMRAM    000000
__Lcinit                                         cinit        000000
__Lclrtext                                       clrtext      000000
__Lcomram                                        comram       000000
__Lconfig                                        config       000000
__Lconst                                         const        000000
__LcstackCOMRAM                                  cstackCOMRAM 000000
__Ldata                                          data         000000
__Leeprom_data                                   eeprom_data  000000
__Lfarbss                                        farbss       000000
__Lfardata                                       fardata      000000
__Lheap                                          heap         000000
__Libigdata                                      ibigdata     000000
__Lidata                                         idata        000000
__Lidloc                                         idloc        000000
__Lifardata                                      ifardata     000000
__Linit                                          init         00001A
__Lintsave_regs                                  intsave_regs 000000
__Lirdata                                        irdata       000000
__Livt0x8                                        ivt0x8       000008
__Lmediumconst                                   mediumconst  000000
__LnvCOMRAM                                      nvCOMRAM     000000
__LnvFARRAM                                      nvFARRAM     000000
__Lnvbit                                         nvbit        000000
__Lnvrram                                        nvrram       000000
__Lparam                                         rparam       000000
__Lpowerup                                       powerup      000000
__Lram                                           ram          000000
__Lramtop                                        ramtop       002000
__Lrbit                                          rbit         000000
__Lrbss                                          rbss         000000
__Lrdata                                         rdata        000000
__Lreset_vec                                     reset_vec    000000
__Lrparam                                        rparam       000000
__Lsfr                                           sfr          000000
__Lsmallconst                                    smallconst   002000
__Lspace_0                                       (abs)        000000
__Lspace_1                                       (abs)        000000
__Lspace_2                                       (abs)        000000
__Lspace_4                                       (abs)        000000
__Lstack                                         stack        000000
__Lstruct                                        struct       000000
__Ltemp                                          temp         000000
__Ltext                                          text         000000
__Ltext0                                         text0        000000
__Ltext1                                         text1        000000
__Ltext10                                        text10       000000
__Ltext11                                        text11       000000
__Ltext12                                        text12       000000
__Ltext13                                        text13       000000
__Ltext14                                        text14       000000
__Ltext15                                        text15       000000
__Ltext16                                        text16       000000
__Ltext17                                        text17       000000
__Ltext18                                        text18       000000
__Ltext19                                        text19       000000
__Ltext2                                         text2        000000
__Ltext20                                        text20       000000
__Ltext21                                        text21       000000
__Ltext22                                        text22       000000
__Ltext23                                        text23       000000
__Ltext24                                        text24       000000
__Ltext25                                        text25       000000
__Ltext26                                        text26       000000
__Ltext27                                        text27       000000
__Ltext28                                        text28       000000
__Ltext29                                        text29       000000
__Ltext3                                         text3        000000
__Ltext30                                        text30       000000
__Ltext31                                        text31       000000
__Ltext32                                        text32       000000
__Ltext4                                         text4        000000
__Ltext5                                         text5        000000
__Ltext6                                         text6        000000
__Ltext7                                         text7        000000
__Ltext8                                         text8        000000
__Ltext9                                         text9        000000
__S0                                             (abs)        00252E
__S1                                             (abs)        00002B
__S4                                             (abs)        000000
__S5                                             (abs)        000000
___awdiv                                         text10       002002
___awdiv@counter                                 cstackCOMRAM 00001E
___awdiv@dividend                                cstackCOMRAM 00001A
___awdiv@divisor                                 cstackCOMRAM 00001C
___awdiv@quotient                                cstackCOMRAM 000020
___awdiv@sign                                    cstackCOMRAM 00001F
___heap_hi                                       (abs)        000000
___heap_lo                                       (abs)        000000
___inthi_sp                                      stack        000000
___inthi_stack_hi                                stack        000000
___inthi_stack_lo                                stack        000000
___intlo_sp                                      stack        000000
___intlo_stack_hi                                stack        000000
___intlo_stack_lo                                stack        000000
___param_bank                                    (abs)        000000
___rparam_used                                   (abs)        000001
___sp                                            stack        000000
___stack_hi                                      stack        000000
___stack_lo                                      stack        000000
__accesstop                                      (abs)        000060
__activetblptr                                   (abs)        000003
__end_of_ADC_ChannelSelect                       text20       002504
__end_of_ADC_CompleteConversionCallback          text31       0024F0
__end_of_ADC_ConversionDoneCallbackRegister      text19       0024E2
__end_of_ADC_ConversionDoneInterruptEnable       text18       00251A
__end_of_ADC_ConversionResultGet                 text32       00247C
__end_of_ADC_ConversionStart                     text13       002514
__end_of_ADC_ISR                                 text30       0023E4
__end_of_ADC_Initialize                          text17       0022B0
__end_of_ADC_ThresholdISR                        text29       002526
__end_of_Abs_LayerInit                           text14       002302
__end_of_Abs_Loop                                text9        00224E
__end_of_CLOCK_Initialize                        text8        00248E
__end_of_ExtISR_Handler                          text27       00250E
__end_of_INT0_SetInterruptHandler                text7        0024B8
__end_of_INT1_SetInterruptHandler                text6        0024AA
__end_of_INT2_SetInterruptHandler                text5        00249C
__end_of_INTERRUPT_Initialize                    text4        002348
__end_of_INTERRUPT_InterruptManager              text21       00216A
__end_of_PIN_MANAGER_IOC                         text25       002466
__end_of_PIN_MANAGER_Initialize                  text3        0021E4
__end_of_SW1_DefaultInterruptHandler             text28       00252E
__end_of_SW1_ISR                                 text26       0023B0
__end_of_SW1_SetInterruptHandler                 text16       0024D4
__end_of_SYSTEM_Initialize                       text1        002450
__end_of_TIM0_EllapsedTimeCallback               text23       002520
__end_of_TMR0_DefaultCallback                    text24       00252C
__end_of_TMR0_ISR                                text22       00237C
__end_of_TMR0_Initialize                         text2        002406
__end_of_TMR0_PeriodGet                          text12       00252A
__end_of_TMR0_PeriodMatchCallbackRegister        text15       0024C6
__end_of_TMR0_PeriodSet                          text11       0024FA
__end_of___awdiv                                 text10       0020C2
__end_of__initialization                         cinit        00241E
__end_of_main                                    text0        00243A
__initialization                                 cinit        002406
__mediumconst                                    smallconst   002000
__pbssCOMRAM                                     bssCOMRAM    000024
__pcinit                                         cinit        002406
__pcstackCOMRAM                                  cstackCOMRAM 000014
__pivt0x8                                        ivt0x8       000008
__pnvCOMRAM                                      nvCOMRAM     000001
__psmallconst                                    smallconst   002000
__ptext0                                         text0        002424
__ptext1                                         text1        00243A
__ptext10                                        text10       002002
__ptext11                                        text11       0024F0
__ptext12                                        text12       002526
__ptext13                                        text13       00250E
__ptext14                                        text14       0022B0
__ptext15                                        text15       0024B8
__ptext16                                        text16       0024C6
__ptext17                                        text17       00224E
__ptext18                                        text18       002514
__ptext19                                        text19       0024D4
__ptext2                                         text2        0023E4
__ptext20                                        text20       0024FA
__ptext21                                        text21       0020C2
__ptext22                                        text22       002348
__ptext23                                        text23       00251A
__ptext24                                        text24       00252A
__ptext25                                        text25       002450
__ptext26                                        text26       00237C
__ptext27                                        text27       002504
__ptext28                                        text28       00252C
__ptext29                                        text29       002520
__ptext3                                         text3        00216A
__ptext30                                        text30       0023B0
__ptext31                                        text31       0024E2
__ptext32                                        text32       002466
__ptext4                                         text4        002302
__ptext5                                         text5        00248E
__ptext6                                         text6        00249C
__ptext7                                         text7        0024AA
__ptext8                                         text8        00247C
__ptext9                                         text9        0021E4
__ramtop                                         ramtop       002000
__smallconst                                     smallconst   002000
_abs_button                                      nvCOMRAM     000013
_adc_busy_status                                 bssCOMRAM    00002A
_adc_value                                       bssCOMRAM    000027
_main                                            text0        002424
_period_elapsed                                  bssCOMRAM    000029
end_of_initialization                            cinit        00241E
intlevel0                                        text         000000
intlevel1                                        text         000000
intlevel2                                        text         000000
intlevel3                                        text         000000
isa$std                                          (abs)        000001
isa$xinst                                        (abs)        000000
ivt0x8_base                                      ivt0x8       000008
stackhi                                          (abs)        000000
stacklo                                          (abs)        000000
start                                            init         00001A
start_initialization                             cinit        002406


MODULE INFORMATION

Module		Function		Class		Link	Load	Size
AbsLayer.c
		_TIM0_EllapsedTimeCallback		CODE           	251A	0000	6
		_Abs_Loop      		CODE           	21E4	0000	106
		_ExtISR_Handler		CODE           	2504	0000	10
		_Abs_LayerInit 		CODE           	22B0	0000	82
		_ADC_CompleteConversionCallback		CODE           	24E2	0000	14

AbsLayer.c estimated size: 218

mcc_generated_files/system/src/interrupt.c
		_INT0_SetInterruptHandler		CODE           	24AA	0000	14
		_INT1_SetInterruptHandler		CODE           	249C	0000	14
		_INT2_SetInterruptHandler		CODE           	248E	0000	14
		_INTERRUPT_Initialize		CODE           	2302	0000	70
		_INTERRUPT_InterruptManager		CODE           	20C2	0000	168

mcc_generated_files/system/src/interrupt.c estimated size: 280

mcc_generated_files/adc/src/adc.c
		_ADC_ConversionDoneInterruptEnable		CODE           	2514	0000	6
		_ADC_Initialize		CODE           	224E	0000	98
		_ADC_ConversionDoneCallbackRegister		CODE           	24D4	0000	14
		_ADC_ConversionStart		CODE           	250E	0000	6
		_ADC_ChannelSelect		CODE           	24FA	0000	10
		_ADC_ISR       		CODE           	23B0	0000	52
		_ADC_ThresholdISR		CODE           	2520	0000	6
		_ADC_ConversionResultGet		CODE           	2466	0000	22

mcc_generated_files/adc/src/adc.c estimated size: 214

C:\Program Files\Microchip\xc8\v3.10\pic\sources\c99\common\awdiv.c
		___awdiv       		CODE           	2002	0000	192

C:\Program Files\Microchip\xc8\v3.10\pic\sources\c99\common\awdiv.c estimated size: 192

mcc_generated_files/system/src/pins.c
		_PIN_MANAGER_Initialize		CODE           	216A	0000	122
		_SW1_SetInterruptHandler		CODE           	24C6	0000	14
		_SW1_ISR       		CODE           	237C	0000	52
		_PIN_MANAGER_IOC		CODE           	2450	0000	22
		_SW1_DefaultInterruptHandler		CODE           	252C	0000	2

mcc_generated_files/system/src/pins.c estimated size: 212

shared
		__initialization		CODE           	2406	0000	24

shared estimated size: 24

mcc_generated_files/system/src/clock.c
		_CLOCK_Initialize		CODE           	247C	0000	18

mcc_generated_files/system/src/clock.c estimated size: 18

mcc_generated_files/timer/src/tmr0.c
		_TMR0_DefaultCallback		CODE           	252A	0000	2
		_TMR0_ISR      		CODE           	2348	0000	52
		_TMR0_PeriodGet		CODE           	2526	0000	4
		_TMR0_PeriodSet		CODE           	24F0	0000	10
		_TMR0_Initialize		CODE           	23E4	0000	34
		_TMR0_PeriodMatchCallbackRegister		CODE           	24B8	0000	14

mcc_generated_files/timer/src/tmr0.c estimated size: 116

main.c
		_main          		CODE           	2424	0000	22

main.c estimated size: 22

mcc_generated_files/system/src/system.c
		_SYSTEM_Initialize		CODE           	243A	0000	22

mcc_generated_files/system/src/system.c estimated size: 22

